10-29 18:49:48 com_github_MitjaNemec_ReplicateLayout.action_replicate_layout 392:Plugin executed on: 'linux'
10-29 18:49:48 com_github_MitjaNemec_ReplicateLayout.action_replicate_layout 393:Plugin executed with python version: '3.8.10 (default, Mar 18 2025, 20:04:55) \n[GCC 9.4.0]'
10-29 18:49:48 com_github_MitjaNemec_ReplicateLayout.action_replicate_layout 394:KiCad build version: 8.0.9-8.0.9-0~ubuntu20.04.1
10-29 18:49:48 com_github_MitjaNemec_ReplicateLayout.action_replicate_layout 395:Plugin version: 3.0.3
10-29 18:49:48 com_github_MitjaNemec_ReplicateLayout.action_replicate_layout 396:Frame repr: <wx._core.Frame object at 0x7fa78ccc5670>
10-29 18:49:48 com_github_MitjaNemec_ReplicateLayout.action_replicate_layout 420:Preparing replicator with J12 as a reference
10-29 18:49:48 com_github_MitjaNemec_ReplicateLayout.replicate_layout 117:getting a list of all footprints on board
10-29 18:49:49 com_github_MitjaNemec_ReplicateLayout.action_replicate_layout 468:source anchor footprint is 'J12'
Located on: ['Adequação Sinais Driver', 'Conectores - PWM e erro']
With filenames: ['adequacao_sinais_driver.kicad_sch', 'conn_driver.kicad_sch']
With sheet_id:['Adequação Sinais Driver', 'Conectores - PWM e erro']
10-29 18:49:49 com_github_MitjaNemec_ReplicateLayout.action_replicate_layout 475:Corresponding footprints are 
[('J15', ['Adequação Sinais Driver', 'Conectores - PWM e erro1']), ('J18', ['Adequação Sinais Driver', 'Conectores - PWM e erro2']), ('J12', ['Adequação Sinais Driver', 'Conectores - PWM e erro'])]
10-29 18:49:49 com_github_MitjaNemec_ReplicateLayout.action_replicate_layout 487:Showing dialog
10-29 18:49:49 com_github_MitjaNemec_ReplicateLayout.replicate_layout 472:constructing a list of sheets suitable for replication on level:'Conectores - PWM e erro', file:'conn_driver.kicad_sch'
10-29 18:49:49 com_github_MitjaNemec_ReplicateLayout.replicate_layout 509:suitable sheets are:[['Adequação Sinais Driver', 'Conectores - PWM e erro1'], ['Adequação Sinais Driver', 'Conectores - PWM e erro2']]
10-29 18:49:49 com_github_MitjaNemec_ReplicateLayout.replicate_layout 1507:Level selected: ['Adequação Sinais Driver', 'Conectores - PWM e erro']
10-29 18:49:49 com_github_MitjaNemec_ReplicateLayout.replicate_layout 1331:Filtering list of tracks
10-29 18:49:49 com_github_MitjaNemec_ReplicateLayout.action_replicate_layout 493:Toolbar position: wx.Point(1597, 161)
10-29 18:49:49 com_github_MitjaNemec_ReplicateLayout.action_replicate_layout 498:Dialog position: wx.Point(1158, 161)
10-29 18:49:56 com_github_MitjaNemec_ReplicateLayout.replicate_layout 472:constructing a list of sheets suitable for replication on level:'Conectores - PWM e erro', file:'conn_driver.kicad_sch'
10-29 18:49:56 com_github_MitjaNemec_ReplicateLayout.replicate_layout 509:suitable sheets are:[['Adequação Sinais Driver', 'Conectores - PWM e erro1'], ['Adequação Sinais Driver', 'Conectores - PWM e erro2']]
10-29 18:49:56 com_github_MitjaNemec_ReplicateLayout.action_replicate_layout 240:Replicating layout
10-29 18:49:56 com_github_MitjaNemec_ReplicateLayout.replicate_layout 288:Starting replication of sheets: [['Adequação Sinais Driver', 'Conectores - PWM e erro1'], ['Adequação Sinais Driver', 'Conectores - PWM e erro2']]
on level: ['Adequação Sinais Driver', 'Conectores - PWM e erro']
with tracks=True, zone=True, text=True, text=True, intersecting=False, remove=False, locked footprints=False, group_only=False
10-29 18:49:56 root 332:updating GUI message: 'Preparing for replication'
10-29 18:49:57 com_github_MitjaNemec_ReplicateLayout.replicate_layout 358:Getting the list of source footprints
10-29 18:49:57 root 337:updating GUI with: 0
10-29 18:49:57 com_github_MitjaNemec_ReplicateLayout.replicate_layout 368:Getting the list of all the remaining footprints
10-29 18:49:57 com_github_MitjaNemec_ReplicateLayout.replicate_layout 375:Getting source tracks
10-29 18:49:57 com_github_MitjaNemec_ReplicateLayout.replicate_layout 1331:Filtering list of tracks
10-29 18:49:57 com_github_MitjaNemec_ReplicateLayout.replicate_layout 379:Getting source zones
10-29 18:49:57 com_github_MitjaNemec_ReplicateLayout.replicate_layout 383:Getting source text items
10-29 18:49:57 root 337:updating GUI with: 66
10-29 18:49:57 com_github_MitjaNemec_ReplicateLayout.replicate_layout 387:Getting source drawing items
10-29 18:49:57 root 337:updating GUI with: 83
10-29 18:49:57 root 332:updating GUI message: 'Replicating footprints'
10-29 18:49:57 com_github_MitjaNemec_ReplicateLayout.replicate_layout 861:Replicating footprints
10-29 18:49:57 com_github_MitjaNemec_ReplicateLayout.replicate_layout 868:Replicating footprints on sheet ['Adequação Sinais Driver', 'Conectores - PWM e erro1']
10-29 18:49:57 com_github_MitjaNemec_ReplicateLayout.replicate_layout 985:Src text UUid:6687d9ef-2ec6-454f-8737-c074526cb9cb
10-29 18:49:57 com_github_MitjaNemec_ReplicateLayout.replicate_layout 986:Dst text UUid:043c2277-96e5-437b-9a02-172e18cd17d6
10-29 18:49:57 com_github_MitjaNemec_ReplicateLayout.replicate_layout 985:Src text UUid:a18d977b-3602-4d1f-aa2f-a9b95c73ee9f
10-29 18:49:57 com_github_MitjaNemec_ReplicateLayout.replicate_layout 986:Dst text UUid:c2b9e699-9b4f-44db-bdd5-2bcd01e1fa01
10-29 18:49:57 com_github_MitjaNemec_ReplicateLayout.replicate_layout 985:Src text UUid:1da65677-0c41-4c67-b0bd-fd5e3ab81e8e
10-29 18:49:57 com_github_MitjaNemec_ReplicateLayout.replicate_layout 986:Dst text UUid:66f109f0-4fe5-4e95-8557-e5f4d4bdc7e0
10-29 18:49:57 com_github_MitjaNemec_ReplicateLayout.replicate_layout 985:Src text UUid:8685333c-2685-4fed-8389-f243cfdb73b0
10-29 18:49:57 com_github_MitjaNemec_ReplicateLayout.replicate_layout 986:Dst text UUid:09c9c0ad-d260-4ec0-996e-c973fdcb4e53
10-29 18:49:57 com_github_MitjaNemec_ReplicateLayout.replicate_layout 985:Src text UUid:3e10524a-1f68-42d2-87d9-df9513f939d3
10-29 18:49:57 com_github_MitjaNemec_ReplicateLayout.replicate_layout 986:Dst text UUid:f0ac7ec1-f132-4290-89f8-bfc77c409770
10-29 18:49:57 com_github_MitjaNemec_ReplicateLayout.replicate_layout 985:Src text UUid:e27fc17b-4c7c-4091-a365-a96510407511
10-29 18:49:57 com_github_MitjaNemec_ReplicateLayout.replicate_layout 986:Dst text UUid:b900377b-594c-42ee-a583-b4478ec35777
10-29 18:49:57 com_github_MitjaNemec_ReplicateLayout.replicate_layout 985:Src text UUid:a0364253-055a-4dba-b4dc-8ae339bd68ca
10-29 18:49:57 com_github_MitjaNemec_ReplicateLayout.replicate_layout 986:Dst text UUid:bb712d75-3152-48ee-9ccc-3b60f639cfd3
10-29 18:49:57 com_github_MitjaNemec_ReplicateLayout.replicate_layout 985:Src text UUid:8902a435-97ea-4fa5-b95a-95032cdfb4b8
10-29 18:49:57 com_github_MitjaNemec_ReplicateLayout.replicate_layout 986:Dst text UUid:04408c47-33b3-4948-93bc-d42ad90924c0
10-29 18:49:57 com_github_MitjaNemec_ReplicateLayout.replicate_layout 985:Src text UUid:754e3e84-6f98-4ce3-ab78-a312f76e2cba
10-29 18:49:57 com_github_MitjaNemec_ReplicateLayout.replicate_layout 986:Dst text UUid:b8a2d5e5-c40f-49be-8248-47b29b233abc
10-29 18:49:57 com_github_MitjaNemec_ReplicateLayout.replicate_layout 985:Src text UUid:1fb9e4f8-5c65-4007-80c3-971e69e292fb
10-29 18:49:57 com_github_MitjaNemec_ReplicateLayout.replicate_layout 986:Dst text UUid:ad4dce47-a47f-4ec1-af76-c789f66472f6
10-29 18:49:57 com_github_MitjaNemec_ReplicateLayout.replicate_layout 985:Src text UUid:8cbbbc77-114e-4a86-9f9f-e08054b81b1d
10-29 18:49:57 com_github_MitjaNemec_ReplicateLayout.replicate_layout 986:Dst text UUid:390716f6-9ed0-429e-855e-0b4bb8a8ee45
10-29 18:49:57 com_github_MitjaNemec_ReplicateLayout.replicate_layout 985:Src text UUid:dfc25a11-55a6-4a1d-827c-2ada629ff9fa
10-29 18:49:57 com_github_MitjaNemec_ReplicateLayout.replicate_layout 986:Dst text UUid:fc8d7114-12a8-4fb7-bf22-135cac6393d4
10-29 18:49:57 com_github_MitjaNemec_ReplicateLayout.replicate_layout 985:Src text UUid:b128583f-4ec6-4b6f-a3ee-cdd3a8d20fd1
10-29 18:49:57 com_github_MitjaNemec_ReplicateLayout.replicate_layout 986:Dst text UUid:bcc6a299-13d2-45fc-8b52-18092fe9474e
10-29 18:49:57 com_github_MitjaNemec_ReplicateLayout.replicate_layout 985:Src text UUid:05fbaeee-1f3c-4f6e-ad98-58fcae2f715c
10-29 18:49:57 com_github_MitjaNemec_ReplicateLayout.replicate_layout 986:Dst text UUid:bd00ce6e-df9e-4bfc-b80c-934ebf5f8864
10-29 18:49:57 com_github_MitjaNemec_ReplicateLayout.replicate_layout 985:Src text UUid:24efcb9c-3adb-499e-9f5a-46d322debedd
10-29 18:49:57 com_github_MitjaNemec_ReplicateLayout.replicate_layout 986:Dst text UUid:f0969ac2-a4a6-4080-a8dd-4d065ed18e2b
10-29 18:49:57 com_github_MitjaNemec_ReplicateLayout.replicate_layout 985:Src text UUid:b0819864-39d6-4998-8e4f-811aa612488b
10-29 18:49:57 com_github_MitjaNemec_ReplicateLayout.replicate_layout 986:Dst text UUid:676c84b6-1929-420f-863d-64d98fe8890e
10-29 18:49:57 com_github_MitjaNemec_ReplicateLayout.replicate_layout 985:Src text UUid:4c0b32f7-0db4-4e34-81ba-1a1d74bc80a1
10-29 18:49:57 com_github_MitjaNemec_ReplicateLayout.replicate_layout 986:Dst text UUid:b0e20b3c-b496-4cd1-a590-b40ef43773f1
10-29 18:49:57 com_github_MitjaNemec_ReplicateLayout.replicate_layout 985:Src text UUid:73802910-6325-4ef3-b177-82182b01287e
10-29 18:49:57 com_github_MitjaNemec_ReplicateLayout.replicate_layout 986:Dst text UUid:65cc7cce-596e-4cb3-b0b8-2b7b806ffd79
10-29 18:49:57 com_github_MitjaNemec_ReplicateLayout.replicate_layout 985:Src text UUid:ae1451a7-1e58-484a-9c57-b84f891af389
10-29 18:49:57 com_github_MitjaNemec_ReplicateLayout.replicate_layout 986:Dst text UUid:fcd20efa-d7bd-46b5-8f7c-a6ae95b25652
10-29 18:49:57 com_github_MitjaNemec_ReplicateLayout.replicate_layout 985:Src text UUid:ed37d294-de82-4920-8aaa-50ea74942ced
10-29 18:49:57 com_github_MitjaNemec_ReplicateLayout.replicate_layout 986:Dst text UUid:c8f3c470-850c-440b-85c5-5a0184cf566f
10-29 18:49:57 com_github_MitjaNemec_ReplicateLayout.replicate_layout 985:Src text UUid:fa3f7c44-dfef-43f7-b15c-03b294e72a34
10-29 18:49:57 com_github_MitjaNemec_ReplicateLayout.replicate_layout 986:Dst text UUid:c9f40496-06e7-4ddd-afea-8a56d7c25df1
10-29 18:49:57 com_github_MitjaNemec_ReplicateLayout.replicate_layout 985:Src text UUid:a5552a70-fa8e-4323-89f0-12118beec7c2
10-29 18:49:57 com_github_MitjaNemec_ReplicateLayout.replicate_layout 986:Dst text UUid:513f72f3-076a-4eb4-8263-58748e953d61
10-29 18:49:57 com_github_MitjaNemec_ReplicateLayout.replicate_layout 985:Src text UUid:b595f4c8-f2b2-444c-8ee6-a520bf7b10d7
10-29 18:49:57 com_github_MitjaNemec_ReplicateLayout.replicate_layout 986:Dst text UUid:af2c21c3-f185-46ea-a153-5d30f5041bcd
10-29 18:49:57 com_github_MitjaNemec_ReplicateLayout.replicate_layout 985:Src text UUid:cdff5abd-2c45-4620-af9d-06a46240eeb5
10-29 18:49:57 com_github_MitjaNemec_ReplicateLayout.replicate_layout 986:Dst text UUid:7f5b1baf-9ea2-4c78-b03b-c3b17a902e4c
10-29 18:49:57 com_github_MitjaNemec_ReplicateLayout.replicate_layout 985:Src text UUid:1f8abb6b-1fad-4702-8886-cccc839c39b7
10-29 18:49:57 com_github_MitjaNemec_ReplicateLayout.replicate_layout 986:Dst text UUid:4c858a43-2852-49f1-be0c-18a04501c201
10-29 18:49:57 com_github_MitjaNemec_ReplicateLayout.replicate_layout 985:Src text UUid:04cffae9-ecdf-4b70-9723-cc862100a5fb
10-29 18:49:57 com_github_MitjaNemec_ReplicateLayout.replicate_layout 986:Dst text UUid:7968e3e4-9fad-4a19-8d9f-c3b7b9a78269
10-29 18:49:57 com_github_MitjaNemec_ReplicateLayout.replicate_layout 985:Src text UUid:4366fabf-a447-4c8f-a48e-5a7e53400e51
10-29 18:49:57 com_github_MitjaNemec_ReplicateLayout.replicate_layout 986:Dst text UUid:d29c207c-f844-4a45-94ba-ada30f50f957
10-29 18:49:57 com_github_MitjaNemec_ReplicateLayout.replicate_layout 985:Src text UUid:4ef358e1-c624-4bf5-a549-3d98ac8901e3
10-29 18:49:57 com_github_MitjaNemec_ReplicateLayout.replicate_layout 986:Dst text UUid:e3d48049-98fb-458b-8993-0fd640b2c98a
10-29 18:49:57 com_github_MitjaNemec_ReplicateLayout.replicate_layout 985:Src text UUid:0a36aa9b-2f1c-4e29-857e-dd1b41762835
10-29 18:49:57 com_github_MitjaNemec_ReplicateLayout.replicate_layout 986:Dst text UUid:67c14b7e-fe5a-4c0e-90d3-c5f404b60df1
10-29 18:49:57 com_github_MitjaNemec_ReplicateLayout.replicate_layout 985:Src text UUid:b9ccbc62-fcbe-4c61-8b60-d99fae846a79
10-29 18:49:57 com_github_MitjaNemec_ReplicateLayout.replicate_layout 986:Dst text UUid:09cbba63-fa4b-4ee1-a223-cfe3afa138fb
10-29 18:49:57 com_github_MitjaNemec_ReplicateLayout.replicate_layout 985:Src text UUid:d2d081e2-2c20-4ca8-8265-e795289056d5
10-29 18:49:57 com_github_MitjaNemec_ReplicateLayout.replicate_layout 986:Dst text UUid:0a459375-a1d9-4111-9c1f-d1ef8f03deb2
10-29 18:49:57 com_github_MitjaNemec_ReplicateLayout.replicate_layout 985:Src text UUid:3a4c9222-83b7-4ca8-8008-83f666307fae
10-29 18:49:57 com_github_MitjaNemec_ReplicateLayout.replicate_layout 986:Dst text UUid:3d90f62e-96b8-416d-8e25-a0b8d2809be5
10-29 18:49:57 com_github_MitjaNemec_ReplicateLayout.replicate_layout 985:Src text UUid:d306072d-f033-4f0c-8520-29472d1ca3d3
10-29 18:49:57 com_github_MitjaNemec_ReplicateLayout.replicate_layout 986:Dst text UUid:e2fe53d8-2b1b-4a2d-b33f-8f1c1c8716fb
10-29 18:49:57 com_github_MitjaNemec_ReplicateLayout.replicate_layout 985:Src text UUid:5381cc83-3354-44fe-a791-27876b24829a
10-29 18:49:57 com_github_MitjaNemec_ReplicateLayout.replicate_layout 986:Dst text UUid:fce38563-1cd0-469f-a85b-c061a980ff3e
10-29 18:49:57 com_github_MitjaNemec_ReplicateLayout.replicate_layout 985:Src text UUid:d061561b-0f2f-4d50-ab1a-d63cd1e4ec6f
10-29 18:49:57 com_github_MitjaNemec_ReplicateLayout.replicate_layout 986:Dst text UUid:74c8ea2e-03bf-43da-8c8f-181ad89a2729
10-29 18:49:57 com_github_MitjaNemec_ReplicateLayout.replicate_layout 985:Src text UUid:442a9b03-b5e0-46e7-bff0-e2d5e2176773
10-29 18:49:57 com_github_MitjaNemec_ReplicateLayout.replicate_layout 986:Dst text UUid:093117da-cc12-46ce-aa55-42d4b245bb90
10-29 18:49:57 com_github_MitjaNemec_ReplicateLayout.replicate_layout 985:Src text UUid:7dc00745-57c8-485f-b700-28f6c0401108
10-29 18:49:57 com_github_MitjaNemec_ReplicateLayout.replicate_layout 986:Dst text UUid:c65f52a2-21ce-46a5-b75a-dea3a000ddfe
10-29 18:49:57 com_github_MitjaNemec_ReplicateLayout.replicate_layout 985:Src text UUid:e418489b-3512-4d39-b74f-80a54a5cd1fe
10-29 18:49:57 com_github_MitjaNemec_ReplicateLayout.replicate_layout 986:Dst text UUid:ac89b293-e521-4992-8412-ca615dc819dc
10-29 18:49:57 com_github_MitjaNemec_ReplicateLayout.replicate_layout 985:Src text UUid:8b3f8771-593a-4860-8c33-f8f0bef0959c
10-29 18:49:57 com_github_MitjaNemec_ReplicateLayout.replicate_layout 986:Dst text UUid:5d1930b4-8538-4f3b-90e4-ef164be4edb1
10-29 18:49:57 com_github_MitjaNemec_ReplicateLayout.replicate_layout 985:Src text UUid:afacd0d9-37ca-41a6-91b0-cf752cbe2fc7
10-29 18:49:57 com_github_MitjaNemec_ReplicateLayout.replicate_layout 986:Dst text UUid:8dc22a19-f762-4b36-853d-133e3cd98816
10-29 18:49:57 com_github_MitjaNemec_ReplicateLayout.replicate_layout 985:Src text UUid:c57cc715-a54e-4ad8-98d1-2e03497aabcf
10-29 18:49:57 com_github_MitjaNemec_ReplicateLayout.replicate_layout 986:Dst text UUid:b6329e7e-baea-4db7-b129-c8d8b62563c5
10-29 18:49:57 com_github_MitjaNemec_ReplicateLayout.replicate_layout 985:Src text UUid:729493ee-d55b-45b6-b99f-1c20a6e6b39f
10-29 18:49:57 com_github_MitjaNemec_ReplicateLayout.replicate_layout 986:Dst text UUid:aa47665f-41eb-498a-b6e6-0d341b908cfa
10-29 18:49:57 com_github_MitjaNemec_ReplicateLayout.replicate_layout 985:Src text UUid:bfca97b4-48f8-47b2-9208-cfcf2905b24a
10-29 18:49:57 com_github_MitjaNemec_ReplicateLayout.replicate_layout 986:Dst text UUid:81fabec1-9249-47f7-94fd-ac13e06bc401
10-29 18:49:57 com_github_MitjaNemec_ReplicateLayout.replicate_layout 985:Src text UUid:958f6f2a-7773-4051-89d0-17355ce1f92b
10-29 18:49:57 com_github_MitjaNemec_ReplicateLayout.replicate_layout 986:Dst text UUid:e9be44d6-0d98-4125-bd95-a96a4cb35f68
10-29 18:49:57 com_github_MitjaNemec_ReplicateLayout.replicate_layout 985:Src text UUid:10071fec-0ffb-4e03-b1a6-bcdda68fe74e
10-29 18:49:57 com_github_MitjaNemec_ReplicateLayout.replicate_layout 986:Dst text UUid:deb01b38-c5b2-4986-a0c8-e11dbce86be6
10-29 18:49:57 root 337:updating GUI with: 29
10-29 18:49:57 com_github_MitjaNemec_ReplicateLayout.replicate_layout 985:Src text UUid:78f2da78-0e9d-4e8a-9649-422c50f1ad0c
10-29 18:49:57 com_github_MitjaNemec_ReplicateLayout.replicate_layout 986:Dst text UUid:08db5e83-d3e8-42f6-a788-51adfdb8bde9
10-29 18:49:57 com_github_MitjaNemec_ReplicateLayout.replicate_layout 985:Src text UUid:8b33039f-afcb-4e0b-82aa-00700ec3dc64
10-29 18:49:57 com_github_MitjaNemec_ReplicateLayout.replicate_layout 986:Dst text UUid:b48baa6b-a3ff-432e-80ac-2847f385ff2a
10-29 18:49:57 com_github_MitjaNemec_ReplicateLayout.replicate_layout 985:Src text UUid:7486b394-f101-4c62-b2f8-581f3f2dfaaf
10-29 18:49:57 com_github_MitjaNemec_ReplicateLayout.replicate_layout 986:Dst text UUid:fcf58cd6-6715-4a7b-ae0e-c5ed34433636
10-29 18:49:57 root 337:updating GUI with: 31
10-29 18:49:57 com_github_MitjaNemec_ReplicateLayout.replicate_layout 985:Src text UUid:51f7a3ea-d1bc-434b-b9e5-9bc667490ea7
10-29 18:49:57 com_github_MitjaNemec_ReplicateLayout.replicate_layout 986:Dst text UUid:91d24656-22ac-4b36-ab14-377cbb6957d9
10-29 18:49:57 com_github_MitjaNemec_ReplicateLayout.replicate_layout 985:Src text UUid:4194502c-77b2-4fe1-af9e-b1a0b430b6bf
10-29 18:49:57 com_github_MitjaNemec_ReplicateLayout.replicate_layout 986:Dst text UUid:a16e2b77-ccd9-409b-ab49-0f63d893f603
10-29 18:49:57 com_github_MitjaNemec_ReplicateLayout.replicate_layout 985:Src text UUid:f7be5166-b793-4e2d-b318-2a1c4c7564d6
10-29 18:49:57 com_github_MitjaNemec_ReplicateLayout.replicate_layout 986:Dst text UUid:14a35c76-302e-45f3-ba39-d8b73d177641
10-29 18:49:57 com_github_MitjaNemec_ReplicateLayout.replicate_layout 985:Src text UUid:0eaaf337-5c5a-4c13-bf3e-cccabb0f8cb7
10-29 18:49:57 com_github_MitjaNemec_ReplicateLayout.replicate_layout 986:Dst text UUid:6230d236-7fd5-4582-bd1b-40011627f8d2
10-29 18:49:57 com_github_MitjaNemec_ReplicateLayout.replicate_layout 985:Src text UUid:70d874e6-01a5-438c-993a-c9a5b76a5299
10-29 18:49:57 com_github_MitjaNemec_ReplicateLayout.replicate_layout 986:Dst text UUid:ff0efcb1-6a19-487a-bd04-1277cee9fcb6
10-29 18:49:57 com_github_MitjaNemec_ReplicateLayout.replicate_layout 985:Src text UUid:ef547995-2e2f-43be-8906-666a33a356cb
10-29 18:49:57 com_github_MitjaNemec_ReplicateLayout.replicate_layout 986:Dst text UUid:7ef711b5-79c1-46d8-b52c-168e4a876644
10-29 18:49:57 com_github_MitjaNemec_ReplicateLayout.replicate_layout 985:Src text UUid:36afbd05-3cb4-424b-b19e-91e5b1a70796
10-29 18:49:57 com_github_MitjaNemec_ReplicateLayout.replicate_layout 986:Dst text UUid:b8a2b1d2-9fd0-4a85-8294-f8d2403258c5
10-29 18:49:57 com_github_MitjaNemec_ReplicateLayout.replicate_layout 985:Src text UUid:0bd8b6b5-590c-4fc9-b20a-9278c810f0f8
10-29 18:49:57 com_github_MitjaNemec_ReplicateLayout.replicate_layout 986:Dst text UUid:de154412-c3a5-45eb-88e6-ec57b8161cf4
10-29 18:49:57 com_github_MitjaNemec_ReplicateLayout.replicate_layout 985:Src text UUid:b888cfa8-4b93-405b-812b-b44e9797b8a1
10-29 18:49:57 com_github_MitjaNemec_ReplicateLayout.replicate_layout 986:Dst text UUid:216665a4-51d1-4480-8465-bad75218a08b
10-29 18:49:57 com_github_MitjaNemec_ReplicateLayout.replicate_layout 985:Src text UUid:e5cd2f75-58f1-4250-b42b-9888d4a9910b
10-29 18:49:57 com_github_MitjaNemec_ReplicateLayout.replicate_layout 986:Dst text UUid:2cbe3afb-0735-42e2-a210-3d2336929821
10-29 18:49:57 com_github_MitjaNemec_ReplicateLayout.replicate_layout 985:Src text UUid:97135996-2073-4e8e-a5f4-aaa3d0fdb743
10-29 18:49:57 com_github_MitjaNemec_ReplicateLayout.replicate_layout 986:Dst text UUid:59b2997f-0edb-44b6-b2f3-f8093ba5aa1d
10-29 18:49:57 com_github_MitjaNemec_ReplicateLayout.replicate_layout 985:Src text UUid:b0ad8dff-09b3-40d0-a60b-ac341730ece6
10-29 18:49:57 com_github_MitjaNemec_ReplicateLayout.replicate_layout 986:Dst text UUid:dba4fb84-453b-4cdf-9648-ccd78166c594
10-29 18:49:57 com_github_MitjaNemec_ReplicateLayout.replicate_layout 985:Src text UUid:bb86e301-5a87-4609-a4f1-70e52c475ce7
10-29 18:49:57 com_github_MitjaNemec_ReplicateLayout.replicate_layout 986:Dst text UUid:2275c01b-a117-4030-baf0-0ed5e9c03955
10-29 18:49:57 com_github_MitjaNemec_ReplicateLayout.replicate_layout 985:Src text UUid:848b07fc-eb7b-47a3-a5f5-b1be39694f87
10-29 18:49:57 com_github_MitjaNemec_ReplicateLayout.replicate_layout 986:Dst text UUid:96862d8a-8543-4f6a-8fe1-2e2464de54d6
10-29 18:49:57 com_github_MitjaNemec_ReplicateLayout.replicate_layout 985:Src text UUid:75a72b80-4e62-4356-89c3-2ebf504be7b8
10-29 18:49:57 com_github_MitjaNemec_ReplicateLayout.replicate_layout 986:Dst text UUid:64d9a4d2-3cff-458a-8a58-4f8a1e9df472
10-29 18:49:57 com_github_MitjaNemec_ReplicateLayout.replicate_layout 985:Src text UUid:5fc04da5-c029-4869-8f9d-2b40667485f1
10-29 18:49:57 com_github_MitjaNemec_ReplicateLayout.replicate_layout 986:Dst text UUid:c3435fd5-18da-4ad7-8b0d-b2c440e6b2d6
10-29 18:49:57 com_github_MitjaNemec_ReplicateLayout.replicate_layout 985:Src text UUid:a392dd37-347c-43e9-90e9-bc80b9b61fe8
10-29 18:49:57 com_github_MitjaNemec_ReplicateLayout.replicate_layout 986:Dst text UUid:4c4c3c2c-e3ef-4855-b8f5-4852fd0ba1de
10-29 18:49:57 com_github_MitjaNemec_ReplicateLayout.replicate_layout 985:Src text UUid:3efc81ce-150f-4ecd-a86a-dd74ab546b4f
10-29 18:49:57 com_github_MitjaNemec_ReplicateLayout.replicate_layout 986:Dst text UUid:b5a3785d-731f-497e-b9c0-73c4d68482a7
10-29 18:49:57 com_github_MitjaNemec_ReplicateLayout.replicate_layout 985:Src text UUid:fb268a51-b02f-429b-b795-e56d2339b184
10-29 18:49:57 com_github_MitjaNemec_ReplicateLayout.replicate_layout 986:Dst text UUid:e77834f3-fe0a-47f7-9dd6-a158a6ff8797
10-29 18:49:57 com_github_MitjaNemec_ReplicateLayout.replicate_layout 985:Src text UUid:52cae051-99fb-4385-8d0e-ba53a3766d2d
10-29 18:49:57 com_github_MitjaNemec_ReplicateLayout.replicate_layout 986:Dst text UUid:dbe15bad-c77c-43b8-bd68-64ab05162311
10-29 18:49:57 com_github_MitjaNemec_ReplicateLayout.replicate_layout 985:Src text UUid:e564f4a1-d6fd-4956-8ce5-5d4146852bc1
10-29 18:49:57 com_github_MitjaNemec_ReplicateLayout.replicate_layout 986:Dst text UUid:b0a1ccca-7755-4b9d-a363-e869d8dad4f2
10-29 18:49:57 com_github_MitjaNemec_ReplicateLayout.replicate_layout 985:Src text UUid:c708bcfb-a3ce-4dbb-aba9-a99a7c37fc3a
10-29 18:49:57 com_github_MitjaNemec_ReplicateLayout.replicate_layout 986:Dst text UUid:23ca9e1b-b514-4ad0-8f06-1814cc0c7536
10-29 18:49:57 com_github_MitjaNemec_ReplicateLayout.replicate_layout 985:Src text UUid:158a198d-f645-4158-be15-f511dd542712
10-29 18:49:57 com_github_MitjaNemec_ReplicateLayout.replicate_layout 986:Dst text UUid:ce31df2d-0931-4073-ae3e-c63f4c124f5a
10-29 18:49:57 com_github_MitjaNemec_ReplicateLayout.replicate_layout 985:Src text UUid:60487d4d-817d-4b26-bc71-fa98f5765d74
10-29 18:49:57 com_github_MitjaNemec_ReplicateLayout.replicate_layout 986:Dst text UUid:be8c09b8-9e50-4363-8770-69487391e7f0
10-29 18:49:57 com_github_MitjaNemec_ReplicateLayout.replicate_layout 985:Src text UUid:70b365ff-5acb-4dd1-a420-3fcebf542ed4
10-29 18:49:57 com_github_MitjaNemec_ReplicateLayout.replicate_layout 986:Dst text UUid:d8151897-abfa-4e98-95f2-cbacc769d5dd
10-29 18:49:57 com_github_MitjaNemec_ReplicateLayout.replicate_layout 985:Src text UUid:44c11f97-4d58-4e42-8fb4-069f617ec37c
10-29 18:49:57 com_github_MitjaNemec_ReplicateLayout.replicate_layout 986:Dst text UUid:ee97b4e1-0bc5-4fa3-9cc8-6eec7bcc5079
10-29 18:49:57 com_github_MitjaNemec_ReplicateLayout.replicate_layout 985:Src text UUid:9a609f50-7b87-4e3f-9bd9-74dd81eb6bb6
10-29 18:49:57 com_github_MitjaNemec_ReplicateLayout.replicate_layout 986:Dst text UUid:a0d33b02-ee04-42bb-a176-84acd40151cb
10-29 18:49:57 com_github_MitjaNemec_ReplicateLayout.replicate_layout 985:Src text UUid:cae0cfd5-9a22-45d9-a76f-6cdeeef1a94d
10-29 18:49:57 com_github_MitjaNemec_ReplicateLayout.replicate_layout 986:Dst text UUid:3884220f-1833-4e1a-82e7-07df07653906
10-29 18:49:57 com_github_MitjaNemec_ReplicateLayout.replicate_layout 985:Src text UUid:8f14dea7-7f97-42e2-92f3-1fadcbcbf989
10-29 18:49:57 com_github_MitjaNemec_ReplicateLayout.replicate_layout 986:Dst text UUid:3c4bebeb-7bf0-4138-8f3a-eaa90447efe4
10-29 18:49:57 com_github_MitjaNemec_ReplicateLayout.replicate_layout 985:Src text UUid:c25703c6-943a-4407-bfcb-43d3fea08a05
10-29 18:49:57 com_github_MitjaNemec_ReplicateLayout.replicate_layout 986:Dst text UUid:2b6d982b-2eba-474b-ac8d-b92f2661575a
10-29 18:49:57 com_github_MitjaNemec_ReplicateLayout.replicate_layout 985:Src text UUid:b3a5db3e-0075-440d-957a-69517c65eeb0
10-29 18:49:57 com_github_MitjaNemec_ReplicateLayout.replicate_layout 986:Dst text UUid:cfade5d7-4a46-4461-ba9e-0c04557e120d
10-29 18:49:57 com_github_MitjaNemec_ReplicateLayout.replicate_layout 985:Src text UUid:491c960e-f1ec-451b-983d-85913cf286b1
10-29 18:49:57 com_github_MitjaNemec_ReplicateLayout.replicate_layout 986:Dst text UUid:2e8d710c-5c90-43c5-b507-ab88e7d7c309
10-29 18:49:57 com_github_MitjaNemec_ReplicateLayout.replicate_layout 985:Src text UUid:28378869-b45f-46f3-acd2-1c2d6db0df9a
10-29 18:49:57 com_github_MitjaNemec_ReplicateLayout.replicate_layout 986:Dst text UUid:e4fabd1a-bcb2-42bb-9a94-ce22983a3013
10-29 18:49:57 com_github_MitjaNemec_ReplicateLayout.replicate_layout 868:Replicating footprints on sheet ['Adequação Sinais Driver', 'Conectores - PWM e erro2']
10-29 18:49:57 com_github_MitjaNemec_ReplicateLayout.replicate_layout 985:Src text UUid:6687d9ef-2ec6-454f-8737-c074526cb9cb
10-29 18:49:57 com_github_MitjaNemec_ReplicateLayout.replicate_layout 986:Dst text UUid:369ed1e5-e07f-4ebd-bc31-810977df7992
10-29 18:49:57 com_github_MitjaNemec_ReplicateLayout.replicate_layout 985:Src text UUid:a18d977b-3602-4d1f-aa2f-a9b95c73ee9f
10-29 18:49:57 com_github_MitjaNemec_ReplicateLayout.replicate_layout 986:Dst text UUid:67795ec7-afd9-4e1b-b477-b192b27687e3
10-29 18:49:57 com_github_MitjaNemec_ReplicateLayout.replicate_layout 985:Src text UUid:1da65677-0c41-4c67-b0bd-fd5e3ab81e8e
10-29 18:49:57 com_github_MitjaNemec_ReplicateLayout.replicate_layout 986:Dst text UUid:bf6fe9ea-b8ff-4f57-876d-4f05b49595e0
10-29 18:49:57 com_github_MitjaNemec_ReplicateLayout.replicate_layout 985:Src text UUid:8685333c-2685-4fed-8389-f243cfdb73b0
10-29 18:49:57 com_github_MitjaNemec_ReplicateLayout.replicate_layout 986:Dst text UUid:f415e250-abf8-4d37-9ccf-631e1ed578c7
10-29 18:49:57 com_github_MitjaNemec_ReplicateLayout.replicate_layout 985:Src text UUid:3e10524a-1f68-42d2-87d9-df9513f939d3
10-29 18:49:57 com_github_MitjaNemec_ReplicateLayout.replicate_layout 986:Dst text UUid:ca186fd6-f86a-4a87-969b-8594838df329
10-29 18:49:57 com_github_MitjaNemec_ReplicateLayout.replicate_layout 985:Src text UUid:e27fc17b-4c7c-4091-a365-a96510407511
10-29 18:49:57 com_github_MitjaNemec_ReplicateLayout.replicate_layout 986:Dst text UUid:0a56fe49-dee8-4944-b745-840018a91ae5
10-29 18:49:57 com_github_MitjaNemec_ReplicateLayout.replicate_layout 985:Src text UUid:a0364253-055a-4dba-b4dc-8ae339bd68ca
10-29 18:49:57 com_github_MitjaNemec_ReplicateLayout.replicate_layout 986:Dst text UUid:e1df7bc1-2e8c-420a-8776-c5bbac07ffdf
10-29 18:49:57 com_github_MitjaNemec_ReplicateLayout.replicate_layout 985:Src text UUid:8902a435-97ea-4fa5-b95a-95032cdfb4b8
10-29 18:49:57 com_github_MitjaNemec_ReplicateLayout.replicate_layout 986:Dst text UUid:474615f0-a967-4f5b-b315-4d217c992975
10-29 18:49:57 com_github_MitjaNemec_ReplicateLayout.replicate_layout 985:Src text UUid:754e3e84-6f98-4ce3-ab78-a312f76e2cba
10-29 18:49:57 com_github_MitjaNemec_ReplicateLayout.replicate_layout 986:Dst text UUid:f03874e2-5ff2-4394-a71a-dabdb0cb2bd8
10-29 18:49:57 com_github_MitjaNemec_ReplicateLayout.replicate_layout 985:Src text UUid:1fb9e4f8-5c65-4007-80c3-971e69e292fb
10-29 18:49:57 com_github_MitjaNemec_ReplicateLayout.replicate_layout 986:Dst text UUid:7272f2ed-a855-4eca-8d9e-147a21e1b9d9
10-29 18:49:57 com_github_MitjaNemec_ReplicateLayout.replicate_layout 985:Src text UUid:8cbbbc77-114e-4a86-9f9f-e08054b81b1d
10-29 18:49:57 com_github_MitjaNemec_ReplicateLayout.replicate_layout 986:Dst text UUid:3c110251-0dce-4331-9f1b-c8fc39805bfe
10-29 18:49:57 com_github_MitjaNemec_ReplicateLayout.replicate_layout 985:Src text UUid:dfc25a11-55a6-4a1d-827c-2ada629ff9fa
10-29 18:49:57 com_github_MitjaNemec_ReplicateLayout.replicate_layout 986:Dst text UUid:a3af9c9e-2a81-42c9-aa49-37011ee64072
10-29 18:49:57 com_github_MitjaNemec_ReplicateLayout.replicate_layout 985:Src text UUid:b128583f-4ec6-4b6f-a3ee-cdd3a8d20fd1
10-29 18:49:57 com_github_MitjaNemec_ReplicateLayout.replicate_layout 986:Dst text UUid:d3ee7dc5-dd50-4e92-9dcb-9af9b5e78cab
10-29 18:49:57 com_github_MitjaNemec_ReplicateLayout.replicate_layout 985:Src text UUid:05fbaeee-1f3c-4f6e-ad98-58fcae2f715c
10-29 18:49:57 com_github_MitjaNemec_ReplicateLayout.replicate_layout 986:Dst text UUid:26be1861-d7ff-46b1-a2cc-03856b78b720
10-29 18:49:57 com_github_MitjaNemec_ReplicateLayout.replicate_layout 985:Src text UUid:24efcb9c-3adb-499e-9f5a-46d322debedd
10-29 18:49:57 com_github_MitjaNemec_ReplicateLayout.replicate_layout 986:Dst text UUid:fa382e56-f23a-4252-bcbc-d6f9fa90e29a
10-29 18:49:57 com_github_MitjaNemec_ReplicateLayout.replicate_layout 985:Src text UUid:b0819864-39d6-4998-8e4f-811aa612488b
10-29 18:49:57 com_github_MitjaNemec_ReplicateLayout.replicate_layout 986:Dst text UUid:89f47b93-4ad1-4ba9-b33c-1d5acdfda4f4
10-29 18:49:57 com_github_MitjaNemec_ReplicateLayout.replicate_layout 985:Src text UUid:4c0b32f7-0db4-4e34-81ba-1a1d74bc80a1
10-29 18:49:57 com_github_MitjaNemec_ReplicateLayout.replicate_layout 986:Dst text UUid:5fcc2fd0-0847-4467-9d49-5475c3a40339
10-29 18:49:57 com_github_MitjaNemec_ReplicateLayout.replicate_layout 985:Src text UUid:73802910-6325-4ef3-b177-82182b01287e
10-29 18:49:57 com_github_MitjaNemec_ReplicateLayout.replicate_layout 986:Dst text UUid:f18be32d-a50f-4d55-bbac-2da2b6f35e28
10-29 18:49:57 com_github_MitjaNemec_ReplicateLayout.replicate_layout 985:Src text UUid:ae1451a7-1e58-484a-9c57-b84f891af389
10-29 18:49:57 com_github_MitjaNemec_ReplicateLayout.replicate_layout 986:Dst text UUid:476a0a73-14a1-4990-94d6-22760b6f9cf3
10-29 18:49:57 com_github_MitjaNemec_ReplicateLayout.replicate_layout 985:Src text UUid:ed37d294-de82-4920-8aaa-50ea74942ced
10-29 18:49:57 com_github_MitjaNemec_ReplicateLayout.replicate_layout 986:Dst text UUid:5ff4a7c1-7d6b-437a-8f63-cb09e3761419
10-29 18:49:57 com_github_MitjaNemec_ReplicateLayout.replicate_layout 985:Src text UUid:fa3f7c44-dfef-43f7-b15c-03b294e72a34
10-29 18:49:57 com_github_MitjaNemec_ReplicateLayout.replicate_layout 986:Dst text UUid:990d3617-8235-4cdc-883a-6eaeb88d35be
10-29 18:49:57 com_github_MitjaNemec_ReplicateLayout.replicate_layout 985:Src text UUid:a5552a70-fa8e-4323-89f0-12118beec7c2
10-29 18:49:57 com_github_MitjaNemec_ReplicateLayout.replicate_layout 986:Dst text UUid:637bba77-6aa9-40f0-bde3-9497c2da9b7d
10-29 18:49:57 com_github_MitjaNemec_ReplicateLayout.replicate_layout 985:Src text UUid:b595f4c8-f2b2-444c-8ee6-a520bf7b10d7
10-29 18:49:57 com_github_MitjaNemec_ReplicateLayout.replicate_layout 986:Dst text UUid:1687e133-32c4-4821-8dfc-3f58e2d69bd8
10-29 18:49:57 com_github_MitjaNemec_ReplicateLayout.replicate_layout 985:Src text UUid:cdff5abd-2c45-4620-af9d-06a46240eeb5
10-29 18:49:57 com_github_MitjaNemec_ReplicateLayout.replicate_layout 986:Dst text UUid:334e72a1-aebf-467d-b685-2500b66bfbda
10-29 18:49:57 com_github_MitjaNemec_ReplicateLayout.replicate_layout 985:Src text UUid:1f8abb6b-1fad-4702-8886-cccc839c39b7
10-29 18:49:57 com_github_MitjaNemec_ReplicateLayout.replicate_layout 986:Dst text UUid:7886bb7b-dedf-4cb1-92db-196af93b57b7
10-29 18:49:57 com_github_MitjaNemec_ReplicateLayout.replicate_layout 985:Src text UUid:04cffae9-ecdf-4b70-9723-cc862100a5fb
10-29 18:49:57 com_github_MitjaNemec_ReplicateLayout.replicate_layout 986:Dst text UUid:309b9698-a327-475c-a67b-d5b82c2190f3
10-29 18:49:57 com_github_MitjaNemec_ReplicateLayout.replicate_layout 985:Src text UUid:4366fabf-a447-4c8f-a48e-5a7e53400e51
10-29 18:49:57 com_github_MitjaNemec_ReplicateLayout.replicate_layout 986:Dst text UUid:04d88907-66bf-4730-9f54-6c6b67ad3b0a
10-29 18:49:57 com_github_MitjaNemec_ReplicateLayout.replicate_layout 985:Src text UUid:4ef358e1-c624-4bf5-a549-3d98ac8901e3
10-29 18:49:57 com_github_MitjaNemec_ReplicateLayout.replicate_layout 986:Dst text UUid:aac3c2d2-28c0-4720-8d4f-3d8da38acff0
10-29 18:49:57 com_github_MitjaNemec_ReplicateLayout.replicate_layout 985:Src text UUid:0a36aa9b-2f1c-4e29-857e-dd1b41762835
10-29 18:49:57 com_github_MitjaNemec_ReplicateLayout.replicate_layout 986:Dst text UUid:a41d431e-b3d3-4f97-a694-1cd1a026ea91
10-29 18:49:57 com_github_MitjaNemec_ReplicateLayout.replicate_layout 985:Src text UUid:b9ccbc62-fcbe-4c61-8b60-d99fae846a79
10-29 18:49:57 com_github_MitjaNemec_ReplicateLayout.replicate_layout 986:Dst text UUid:72e78571-4763-45d7-ab37-55ba0c1c3fda
10-29 18:49:57 com_github_MitjaNemec_ReplicateLayout.replicate_layout 985:Src text UUid:d2d081e2-2c20-4ca8-8265-e795289056d5
10-29 18:49:57 com_github_MitjaNemec_ReplicateLayout.replicate_layout 986:Dst text UUid:33c87313-7b2d-49aa-a78b-f8f27b9d2c33
10-29 18:49:57 com_github_MitjaNemec_ReplicateLayout.replicate_layout 985:Src text UUid:3a4c9222-83b7-4ca8-8008-83f666307fae
10-29 18:49:57 com_github_MitjaNemec_ReplicateLayout.replicate_layout 986:Dst text UUid:96e82d5e-d689-42fa-8dd6-04db5317d2ad
10-29 18:49:57 com_github_MitjaNemec_ReplicateLayout.replicate_layout 985:Src text UUid:d306072d-f033-4f0c-8520-29472d1ca3d3
10-29 18:49:57 com_github_MitjaNemec_ReplicateLayout.replicate_layout 986:Dst text UUid:6dc4ba72-6aee-40d7-ba3c-c0b2e538f095
10-29 18:49:57 com_github_MitjaNemec_ReplicateLayout.replicate_layout 985:Src text UUid:5381cc83-3354-44fe-a791-27876b24829a
10-29 18:49:57 com_github_MitjaNemec_ReplicateLayout.replicate_layout 986:Dst text UUid:f2b9377d-989b-4d23-9d54-38db651608ef
10-29 18:49:57 com_github_MitjaNemec_ReplicateLayout.replicate_layout 985:Src text UUid:d061561b-0f2f-4d50-ab1a-d63cd1e4ec6f
10-29 18:49:57 com_github_MitjaNemec_ReplicateLayout.replicate_layout 986:Dst text UUid:fd654f84-b6d6-4112-bd07-6091999319da
10-29 18:49:57 com_github_MitjaNemec_ReplicateLayout.replicate_layout 985:Src text UUid:442a9b03-b5e0-46e7-bff0-e2d5e2176773
10-29 18:49:57 com_github_MitjaNemec_ReplicateLayout.replicate_layout 986:Dst text UUid:14376b9c-0651-41c8-8373-5b7d36d639cb
10-29 18:49:57 com_github_MitjaNemec_ReplicateLayout.replicate_layout 985:Src text UUid:7dc00745-57c8-485f-b700-28f6c0401108
10-29 18:49:57 com_github_MitjaNemec_ReplicateLayout.replicate_layout 986:Dst text UUid:1de1a866-b0a9-4a90-9ad7-6fc540075c9a
10-29 18:49:57 com_github_MitjaNemec_ReplicateLayout.replicate_layout 985:Src text UUid:e418489b-3512-4d39-b74f-80a54a5cd1fe
10-29 18:49:57 com_github_MitjaNemec_ReplicateLayout.replicate_layout 986:Dst text UUid:e844c44c-4798-496a-9f20-0d48971f339b
10-29 18:49:57 com_github_MitjaNemec_ReplicateLayout.replicate_layout 985:Src text UUid:8b3f8771-593a-4860-8c33-f8f0bef0959c
10-29 18:49:57 com_github_MitjaNemec_ReplicateLayout.replicate_layout 986:Dst text UUid:74c5bd01-7cba-407a-93a5-9e6ae568b8f9
10-29 18:49:57 com_github_MitjaNemec_ReplicateLayout.replicate_layout 985:Src text UUid:afacd0d9-37ca-41a6-91b0-cf752cbe2fc7
10-29 18:49:57 com_github_MitjaNemec_ReplicateLayout.replicate_layout 986:Dst text UUid:c381dfc8-cced-4e7b-8ac5-3b0c2ab08f56
10-29 18:49:57 com_github_MitjaNemec_ReplicateLayout.replicate_layout 985:Src text UUid:c57cc715-a54e-4ad8-98d1-2e03497aabcf
10-29 18:49:57 com_github_MitjaNemec_ReplicateLayout.replicate_layout 986:Dst text UUid:14a48253-537a-495a-93b7-0f1230064c60
10-29 18:49:57 com_github_MitjaNemec_ReplicateLayout.replicate_layout 985:Src text UUid:729493ee-d55b-45b6-b99f-1c20a6e6b39f
10-29 18:49:57 com_github_MitjaNemec_ReplicateLayout.replicate_layout 986:Dst text UUid:a09cee54-231e-489e-847d-2ae761ec9f05
10-29 18:49:57 com_github_MitjaNemec_ReplicateLayout.replicate_layout 985:Src text UUid:bfca97b4-48f8-47b2-9208-cfcf2905b24a
10-29 18:49:57 com_github_MitjaNemec_ReplicateLayout.replicate_layout 986:Dst text UUid:19745bb9-20e3-4d4d-b91d-061d17392a52
10-29 18:49:57 com_github_MitjaNemec_ReplicateLayout.replicate_layout 985:Src text UUid:958f6f2a-7773-4051-89d0-17355ce1f92b
10-29 18:49:57 com_github_MitjaNemec_ReplicateLayout.replicate_layout 986:Dst text UUid:f89a88f2-5a2f-4e2d-a40b-1163f344fa16
10-29 18:49:57 com_github_MitjaNemec_ReplicateLayout.replicate_layout 985:Src text UUid:10071fec-0ffb-4e03-b1a6-bcdda68fe74e
10-29 18:49:57 com_github_MitjaNemec_ReplicateLayout.replicate_layout 986:Dst text UUid:fc9bd2ae-6a84-4d34-af6e-a370728dbea0
10-29 18:49:57 root 337:updating GUI with: 79
10-29 18:49:57 com_github_MitjaNemec_ReplicateLayout.replicate_layout 985:Src text UUid:78f2da78-0e9d-4e8a-9649-422c50f1ad0c
10-29 18:49:57 com_github_MitjaNemec_ReplicateLayout.replicate_layout 986:Dst text UUid:7b08343d-f690-4ab8-b79b-aa8d433f5560
10-29 18:49:57 com_github_MitjaNemec_ReplicateLayout.replicate_layout 985:Src text UUid:8b33039f-afcb-4e0b-82aa-00700ec3dc64
10-29 18:49:57 com_github_MitjaNemec_ReplicateLayout.replicate_layout 986:Dst text UUid:9781fa26-0d2b-4fc9-904f-d665dc3f5c4c
10-29 18:49:57 com_github_MitjaNemec_ReplicateLayout.replicate_layout 985:Src text UUid:7486b394-f101-4c62-b2f8-581f3f2dfaaf
10-29 18:49:57 com_github_MitjaNemec_ReplicateLayout.replicate_layout 986:Dst text UUid:7f7325cd-bdca-4bb8-8c7c-6fdba08f659f
10-29 18:49:57 com_github_MitjaNemec_ReplicateLayout.replicate_layout 985:Src text UUid:51f7a3ea-d1bc-434b-b9e5-9bc667490ea7
10-29 18:49:57 com_github_MitjaNemec_ReplicateLayout.replicate_layout 986:Dst text UUid:9fe1308a-0c98-4bbd-ae95-a89d7ab85c63
10-29 18:49:57 com_github_MitjaNemec_ReplicateLayout.replicate_layout 985:Src text UUid:4194502c-77b2-4fe1-af9e-b1a0b430b6bf
10-29 18:49:57 com_github_MitjaNemec_ReplicateLayout.replicate_layout 986:Dst text UUid:1495c276-7306-447e-9e85-10709e6e0152
10-29 18:49:57 com_github_MitjaNemec_ReplicateLayout.replicate_layout 985:Src text UUid:f7be5166-b793-4e2d-b318-2a1c4c7564d6
10-29 18:49:57 com_github_MitjaNemec_ReplicateLayout.replicate_layout 986:Dst text UUid:2c06c8ba-98fe-4c5a-9c87-633af0b9191c
10-29 18:49:57 com_github_MitjaNemec_ReplicateLayout.replicate_layout 985:Src text UUid:0eaaf337-5c5a-4c13-bf3e-cccabb0f8cb7
10-29 18:49:57 com_github_MitjaNemec_ReplicateLayout.replicate_layout 986:Dst text UUid:69e4a625-f50b-405d-b585-b8ccfd109206
10-29 18:49:57 com_github_MitjaNemec_ReplicateLayout.replicate_layout 985:Src text UUid:70d874e6-01a5-438c-993a-c9a5b76a5299
10-29 18:49:57 com_github_MitjaNemec_ReplicateLayout.replicate_layout 986:Dst text UUid:c37d8d10-9a77-410d-ae7a-b2e50a252fa0
10-29 18:49:57 com_github_MitjaNemec_ReplicateLayout.replicate_layout 985:Src text UUid:ef547995-2e2f-43be-8906-666a33a356cb
10-29 18:49:57 com_github_MitjaNemec_ReplicateLayout.replicate_layout 986:Dst text UUid:39f3f7b0-1c62-4928-9aca-895337ddfd62
10-29 18:49:57 com_github_MitjaNemec_ReplicateLayout.replicate_layout 985:Src text UUid:36afbd05-3cb4-424b-b19e-91e5b1a70796
10-29 18:49:57 com_github_MitjaNemec_ReplicateLayout.replicate_layout 986:Dst text UUid:865f5c73-0caa-4e6c-b748-962d01778651
10-29 18:49:57 com_github_MitjaNemec_ReplicateLayout.replicate_layout 985:Src text UUid:0bd8b6b5-590c-4fc9-b20a-9278c810f0f8
10-29 18:49:57 com_github_MitjaNemec_ReplicateLayout.replicate_layout 986:Dst text UUid:7f16f72c-6074-4572-a3a0-e2d355d865d0
10-29 18:49:57 com_github_MitjaNemec_ReplicateLayout.replicate_layout 985:Src text UUid:b888cfa8-4b93-405b-812b-b44e9797b8a1
10-29 18:49:57 com_github_MitjaNemec_ReplicateLayout.replicate_layout 986:Dst text UUid:78f19772-6aa2-4e24-a3f0-05ef23dd5977
10-29 18:49:57 com_github_MitjaNemec_ReplicateLayout.replicate_layout 985:Src text UUid:e5cd2f75-58f1-4250-b42b-9888d4a9910b
10-29 18:49:57 com_github_MitjaNemec_ReplicateLayout.replicate_layout 986:Dst text UUid:87f3e7da-a77b-45a5-9d39-9f4520d1a344
10-29 18:49:57 com_github_MitjaNemec_ReplicateLayout.replicate_layout 985:Src text UUid:97135996-2073-4e8e-a5f4-aaa3d0fdb743
10-29 18:49:57 com_github_MitjaNemec_ReplicateLayout.replicate_layout 986:Dst text UUid:050a32f0-0259-4c47-bb1c-f25f1be4e582
10-29 18:49:57 com_github_MitjaNemec_ReplicateLayout.replicate_layout 985:Src text UUid:b0ad8dff-09b3-40d0-a60b-ac341730ece6
10-29 18:49:57 com_github_MitjaNemec_ReplicateLayout.replicate_layout 986:Dst text UUid:49abbe2d-9f5a-4dea-9fc9-6aab04e43bda
10-29 18:49:57 com_github_MitjaNemec_ReplicateLayout.replicate_layout 985:Src text UUid:bb86e301-5a87-4609-a4f1-70e52c475ce7
10-29 18:49:57 com_github_MitjaNemec_ReplicateLayout.replicate_layout 986:Dst text UUid:ad253c1e-431b-4e2b-b5e1-81e21e31e1d9
10-29 18:49:57 com_github_MitjaNemec_ReplicateLayout.replicate_layout 985:Src text UUid:848b07fc-eb7b-47a3-a5f5-b1be39694f87
10-29 18:49:57 com_github_MitjaNemec_ReplicateLayout.replicate_layout 986:Dst text UUid:40547ecf-2772-4d58-a3e7-e07d0ca75ec4
10-29 18:49:57 com_github_MitjaNemec_ReplicateLayout.replicate_layout 985:Src text UUid:75a72b80-4e62-4356-89c3-2ebf504be7b8
10-29 18:49:57 com_github_MitjaNemec_ReplicateLayout.replicate_layout 986:Dst text UUid:837f31b8-39bb-4292-bb0a-63ab8a322c45
10-29 18:49:57 com_github_MitjaNemec_ReplicateLayout.replicate_layout 985:Src text UUid:5fc04da5-c029-4869-8f9d-2b40667485f1
10-29 18:49:57 com_github_MitjaNemec_ReplicateLayout.replicate_layout 986:Dst text UUid:ddd9da26-eb57-47f1-bd6c-647e826f35a6
10-29 18:49:57 com_github_MitjaNemec_ReplicateLayout.replicate_layout 985:Src text UUid:a392dd37-347c-43e9-90e9-bc80b9b61fe8
10-29 18:49:57 com_github_MitjaNemec_ReplicateLayout.replicate_layout 986:Dst text UUid:29e90d76-aa91-4420-9370-d980fd97b56d
10-29 18:49:57 com_github_MitjaNemec_ReplicateLayout.replicate_layout 985:Src text UUid:3efc81ce-150f-4ecd-a86a-dd74ab546b4f
10-29 18:49:57 com_github_MitjaNemec_ReplicateLayout.replicate_layout 986:Dst text UUid:3df01ec3-b30c-4e88-bb5b-e0a3280ee6e7
10-29 18:49:57 com_github_MitjaNemec_ReplicateLayout.replicate_layout 985:Src text UUid:fb268a51-b02f-429b-b795-e56d2339b184
10-29 18:49:57 com_github_MitjaNemec_ReplicateLayout.replicate_layout 986:Dst text UUid:9fdd3431-ecc8-4190-9542-f43a18b60ca3
10-29 18:49:57 com_github_MitjaNemec_ReplicateLayout.replicate_layout 985:Src text UUid:52cae051-99fb-4385-8d0e-ba53a3766d2d
10-29 18:49:57 com_github_MitjaNemec_ReplicateLayout.replicate_layout 986:Dst text UUid:2421af66-7c6e-419a-bd7e-51142d9df972
10-29 18:49:57 com_github_MitjaNemec_ReplicateLayout.replicate_layout 985:Src text UUid:e564f4a1-d6fd-4956-8ce5-5d4146852bc1
10-29 18:49:57 com_github_MitjaNemec_ReplicateLayout.replicate_layout 986:Dst text UUid:8d04d501-5e18-4c2f-993a-31877fa3ebc9
10-29 18:49:57 com_github_MitjaNemec_ReplicateLayout.replicate_layout 985:Src text UUid:c708bcfb-a3ce-4dbb-aba9-a99a7c37fc3a
10-29 18:49:57 com_github_MitjaNemec_ReplicateLayout.replicate_layout 986:Dst text UUid:ffead5bf-09af-401f-a4c1-ca601137a0f2
10-29 18:49:57 com_github_MitjaNemec_ReplicateLayout.replicate_layout 985:Src text UUid:158a198d-f645-4158-be15-f511dd542712
10-29 18:49:57 com_github_MitjaNemec_ReplicateLayout.replicate_layout 986:Dst text UUid:b3e2bbc2-95d6-408f-b294-ab03959608aa
10-29 18:49:57 com_github_MitjaNemec_ReplicateLayout.replicate_layout 985:Src text UUid:60487d4d-817d-4b26-bc71-fa98f5765d74
10-29 18:49:57 com_github_MitjaNemec_ReplicateLayout.replicate_layout 986:Dst text UUid:d0daabbe-d67c-4f45-9b4f-e5d97be990b5
10-29 18:49:57 com_github_MitjaNemec_ReplicateLayout.replicate_layout 985:Src text UUid:70b365ff-5acb-4dd1-a420-3fcebf542ed4
10-29 18:49:57 com_github_MitjaNemec_ReplicateLayout.replicate_layout 986:Dst text UUid:2b77ce1b-9156-42fd-9b92-da1a7bac32cc
10-29 18:49:57 com_github_MitjaNemec_ReplicateLayout.replicate_layout 985:Src text UUid:44c11f97-4d58-4e42-8fb4-069f617ec37c
10-29 18:49:57 com_github_MitjaNemec_ReplicateLayout.replicate_layout 986:Dst text UUid:9709f3d6-e6a5-49d4-900f-2674270786e4
10-29 18:49:57 com_github_MitjaNemec_ReplicateLayout.replicate_layout 985:Src text UUid:9a609f50-7b87-4e3f-9bd9-74dd81eb6bb6
10-29 18:49:57 com_github_MitjaNemec_ReplicateLayout.replicate_layout 986:Dst text UUid:fc2f499e-ff4a-4b7d-be7d-c37bea6d4830
10-29 18:49:57 com_github_MitjaNemec_ReplicateLayout.replicate_layout 985:Src text UUid:cae0cfd5-9a22-45d9-a76f-6cdeeef1a94d
10-29 18:49:57 com_github_MitjaNemec_ReplicateLayout.replicate_layout 986:Dst text UUid:d67fe6f8-c49f-4021-8db4-fc481aa2ed15
10-29 18:49:57 com_github_MitjaNemec_ReplicateLayout.replicate_layout 985:Src text UUid:8f14dea7-7f97-42e2-92f3-1fadcbcbf989
10-29 18:49:57 com_github_MitjaNemec_ReplicateLayout.replicate_layout 986:Dst text UUid:c6e9eddb-8331-4b94-ba6f-9d53ece9a19a
10-29 18:49:57 com_github_MitjaNemec_ReplicateLayout.replicate_layout 985:Src text UUid:c25703c6-943a-4407-bfcb-43d3fea08a05
10-29 18:49:57 com_github_MitjaNemec_ReplicateLayout.replicate_layout 986:Dst text UUid:84a89d81-eaec-43b4-a7de-a036931dbbfd
10-29 18:49:57 com_github_MitjaNemec_ReplicateLayout.replicate_layout 985:Src text UUid:b3a5db3e-0075-440d-957a-69517c65eeb0
10-29 18:49:57 com_github_MitjaNemec_ReplicateLayout.replicate_layout 986:Dst text UUid:c3dfaefa-057d-4aed-a807-4c94af368a8e
10-29 18:49:57 com_github_MitjaNemec_ReplicateLayout.replicate_layout 985:Src text UUid:491c960e-f1ec-451b-983d-85913cf286b1
10-29 18:49:57 com_github_MitjaNemec_ReplicateLayout.replicate_layout 986:Dst text UUid:c78eee4b-5a56-4b7b-80f2-fd5ab623af50
10-29 18:49:57 com_github_MitjaNemec_ReplicateLayout.replicate_layout 985:Src text UUid:28378869-b45f-46f3-acd2-1c2d6db0df9a
10-29 18:49:57 com_github_MitjaNemec_ReplicateLayout.replicate_layout 986:Dst text UUid:0518f789-a87f-4489-a77e-393888565ae8
10-29 18:49:57 root 332:updating GUI message: 'Replicating tracks'
10-29 18:49:57 com_github_MitjaNemec_ReplicateLayout.replicate_layout 1009:Replicating tracks
10-29 18:49:57 com_github_MitjaNemec_ReplicateLayout.replicate_layout 1015:Replicating tracks on sheet ['Adequação Sinais Driver', 'Conectores - PWM e erro1']
10-29 18:49:57 com_github_MitjaNemec_ReplicateLayout.replicate_layout 792:Net pairs for sheet ['Adequação Sinais Driver', 'Conectores - PWM e erro1'] :[('unconnected-(U10-Pad3)', 'unconnected-(U12-Pad3)'), ('unconnected-(J12-Pin_1-Pad1)', 'unconnected-(J15-Pin_1-Pad1)'), ('unconnected-(J12-Pin_12-Pad12)', 'unconnected-(J15-Pin_12-Pad12)'), ('/PWM_TOP_1', '/PWM_TOP_2'), ('unconnected-(U23-Pad3)', 'unconnected-(U13-Pad3)'), ('/Adequação Sinais Driver/Conectores - PWM e erro/PWM_TOP_driver', '/Adequação Sinais Driver/Conectores - PWM e erro1/PWM_TOP_driver'), ('unconnected-(J12-Pin_13-Pad13)', 'unconnected-(J15-Pin_13-Pad13)'), ('/Adequação Sinais Driver/Conectores - PWM e erro/PWM_BOT_driver', '/Adequação Sinais Driver/Conectores - PWM e erro1/PWM_BOT_driver'), ('unconnected-(J12-Pin_6-Pad6)', 'unconnected-(J15-Pin_6-Pad6)'), ('GND', 'GND'), ('/Adequação Sinais Driver/Conectores - PWM e erro/Adequação Sinais - PWM/in_sign_aux', '/Adequação Sinais Driver/Conectores - PWM e erro1/Adequação Sinais - PWM/in_sign_aux'), ('/Adequação Sinais Driver/Conectores - PWM e erro/Adequação Sinais - PWM1/in_sign_aux', '/Adequação Sinais Driver/Conectores - PWM e erro1/Adequação Sinais - PWM1/in_sign_aux'), ('unconnected-(J12-Pin_5-Pad5)', 'unconnected-(J15-Pin_5-Pad5)'), ('unconnected-(U25-Pad3)', 'unconnected-(U14-Pad3)'), ('/Adequação Sinais Driver/Conectores - PWM e erro/PWM_TOP_int', '/Adequação Sinais Driver/Conectores - PWM e erro1/PWM_TOP_int'), ('/err_1', '/err_2'), ('/Adequação Sinais Driver/Conectores - PWM e erro/erro_driver', '/Adequação Sinais Driver/Conectores - PWM e erro1/erro_driver'), ('unconnected-(J12-Pin_7-Pad7)', 'unconnected-(J15-Pin_7-Pad7)'), ('+3.3V', '+3.3V'), ('Vdrive', 'Vdrive'), ('/Adequação Sinais Driver/Conectores - PWM e erro/PWM_BOT_int', '/Adequação Sinais Driver/Conectores - PWM e erro1/PWM_BOT_int'), ('/PWM_BOT_1', '/PWM_BOT_2'), ('unconnected-(J12-Pin_14-Pad14)', 'unconnected-(J15-Pin_14-Pad14)'), ('unconnected-(U24-Pad3)', 'unconnected-(U15-Pad3)'), ('unconnected-(U10-Pad4)', 'unconnected-(U12-Pad4)'), ('Net-(R76-Pad2)', 'Net-(R48-Pad2)')]
10-29 18:49:57 root 337:updating GUI with: 0
10-29 18:49:57 com_github_MitjaNemec_ReplicateLayout.replicate_layout 1015:Replicating tracks on sheet ['Adequação Sinais Driver', 'Conectores - PWM e erro2']
10-29 18:49:57 com_github_MitjaNemec_ReplicateLayout.replicate_layout 792:Net pairs for sheet ['Adequação Sinais Driver', 'Conectores - PWM e erro2'] :[('Net-(R76-Pad2)', 'Net-(R62-Pad2)'), ('unconnected-(U10-Pad3)', 'unconnected-(U17-Pad3)'), ('unconnected-(U24-Pad3)', 'unconnected-(U20-Pad3)'), ('/Adequação Sinais Driver/Conectores - PWM e erro/Adequação Sinais - PWM/in_sign_aux', '/Adequação Sinais Driver/Conectores - PWM e erro2/Adequação Sinais - PWM/in_sign_aux'), ('/PWM_BOT_1', '/PWM_BOT_3'), ('/Adequação Sinais Driver/Conectores - PWM e erro/Adequação Sinais - PWM1/in_sign_aux', '/Adequação Sinais Driver/Conectores - PWM e erro2/Adequação Sinais - PWM1/in_sign_aux'), ('unconnected-(J12-Pin_1-Pad1)', 'unconnected-(J18-Pin_1-Pad1)'), ('/Adequação Sinais Driver/Conectores - PWM e erro/PWM_BOT_int', '/Adequação Sinais Driver/Conectores - PWM e erro2/PWM_BOT_int'), ('unconnected-(U25-Pad3)', 'unconnected-(U19-Pad3)'), ('/Adequação Sinais Driver/Conectores - PWM e erro/PWM_BOT_driver', '/Adequação Sinais Driver/Conectores - PWM e erro2/PWM_BOT_driver'), ('/Adequação Sinais Driver/Conectores - PWM e erro/erro_driver', '/Adequação Sinais Driver/Conectores - PWM e erro2/erro_driver'), ('GND', 'GND'), ('unconnected-(U23-Pad3)', 'unconnected-(U18-Pad3)'), ('/Adequação Sinais Driver/Conectores - PWM e erro/PWM_TOP_int', '/Adequação Sinais Driver/Conectores - PWM e erro2/PWM_TOP_int'), ('unconnected-(J12-Pin_5-Pad5)', 'unconnected-(J18-Pin_5-Pad5)'), ('unconnected-(J12-Pin_14-Pad14)', 'unconnected-(J18-Pin_14-Pad14)'), ('unconnected-(U10-Pad4)', 'unconnected-(U17-Pad4)'), ('+3.3V', '+3.3V'), ('unconnected-(J12-Pin_12-Pad12)', 'unconnected-(J18-Pin_12-Pad12)'), ('/err_1', '/err_3'), ('Vdrive', 'Vdrive'), ('unconnected-(J12-Pin_6-Pad6)', 'unconnected-(J18-Pin_6-Pad6)'), ('unconnected-(J12-Pin_7-Pad7)', 'unconnected-(J18-Pin_7-Pad7)'), ('unconnected-(J12-Pin_13-Pad13)', 'unconnected-(J18-Pin_13-Pad13)'), ('/PWM_TOP_1', '/PWM_TOP_3'), ('/Adequação Sinais Driver/Conectores - PWM e erro/PWM_TOP_driver', '/Adequação Sinais Driver/Conectores - PWM e erro2/PWM_TOP_driver')]
10-29 18:49:57 root 337:updating GUI with: 50
10-29 18:49:57 root 332:updating GUI message: 'Replicating zones'
10-29 18:49:57 com_github_MitjaNemec_ReplicateLayout.replicate_layout 1079:Replicating zones
10-29 18:49:57 com_github_MitjaNemec_ReplicateLayout.replicate_layout 1086:Replicating zones on sheet ['Adequação Sinais Driver', 'Conectores - PWM e erro1']
10-29 18:49:57 com_github_MitjaNemec_ReplicateLayout.replicate_layout 792:Net pairs for sheet ['Adequação Sinais Driver', 'Conectores - PWM e erro1'] :[('unconnected-(U10-Pad3)', 'unconnected-(U12-Pad3)'), ('unconnected-(J12-Pin_1-Pad1)', 'unconnected-(J15-Pin_1-Pad1)'), ('unconnected-(J12-Pin_12-Pad12)', 'unconnected-(J15-Pin_12-Pad12)'), ('/PWM_TOP_1', '/PWM_TOP_2'), ('unconnected-(U23-Pad3)', 'unconnected-(U13-Pad3)'), ('/Adequação Sinais Driver/Conectores - PWM e erro/PWM_TOP_driver', '/Adequação Sinais Driver/Conectores - PWM e erro1/PWM_TOP_driver'), ('unconnected-(J12-Pin_13-Pad13)', 'unconnected-(J15-Pin_13-Pad13)'), ('/Adequação Sinais Driver/Conectores - PWM e erro/PWM_BOT_driver', '/Adequação Sinais Driver/Conectores - PWM e erro1/PWM_BOT_driver'), ('unconnected-(J12-Pin_6-Pad6)', 'unconnected-(J15-Pin_6-Pad6)'), ('GND', 'GND'), ('/Adequação Sinais Driver/Conectores - PWM e erro/Adequação Sinais - PWM/in_sign_aux', '/Adequação Sinais Driver/Conectores - PWM e erro1/Adequação Sinais - PWM/in_sign_aux'), ('/Adequação Sinais Driver/Conectores - PWM e erro/Adequação Sinais - PWM1/in_sign_aux', '/Adequação Sinais Driver/Conectores - PWM e erro1/Adequação Sinais - PWM1/in_sign_aux'), ('unconnected-(J12-Pin_5-Pad5)', 'unconnected-(J15-Pin_5-Pad5)'), ('unconnected-(U25-Pad3)', 'unconnected-(U14-Pad3)'), ('/Adequação Sinais Driver/Conectores - PWM e erro/PWM_TOP_int', '/Adequação Sinais Driver/Conectores - PWM e erro1/PWM_TOP_int'), ('/err_1', '/err_2'), ('/Adequação Sinais Driver/Conectores - PWM e erro/erro_driver', '/Adequação Sinais Driver/Conectores - PWM e erro1/erro_driver'), ('unconnected-(J12-Pin_7-Pad7)', 'unconnected-(J15-Pin_7-Pad7)'), ('+3.3V', '+3.3V'), ('Vdrive', 'Vdrive'), ('/Adequação Sinais Driver/Conectores - PWM e erro/PWM_BOT_int', '/Adequação Sinais Driver/Conectores - PWM e erro1/PWM_BOT_int'), ('/PWM_BOT_1', '/PWM_BOT_2'), ('unconnected-(J12-Pin_14-Pad14)', 'unconnected-(J15-Pin_14-Pad14)'), ('unconnected-(U24-Pad3)', 'unconnected-(U15-Pad3)'), ('unconnected-(U10-Pad4)', 'unconnected-(U12-Pad4)'), ('Net-(R76-Pad2)', 'Net-(R48-Pad2)')]
10-29 18:49:57 root 337:updating GUI with: 50
10-29 18:49:57 com_github_MitjaNemec_ReplicateLayout.replicate_layout 1086:Replicating zones on sheet ['Adequação Sinais Driver', 'Conectores - PWM e erro2']
10-29 18:49:57 com_github_MitjaNemec_ReplicateLayout.replicate_layout 792:Net pairs for sheet ['Adequação Sinais Driver', 'Conectores - PWM e erro2'] :[('Net-(R76-Pad2)', 'Net-(R62-Pad2)'), ('unconnected-(U10-Pad3)', 'unconnected-(U17-Pad3)'), ('unconnected-(U24-Pad3)', 'unconnected-(U20-Pad3)'), ('/Adequação Sinais Driver/Conectores - PWM e erro/Adequação Sinais - PWM/in_sign_aux', '/Adequação Sinais Driver/Conectores - PWM e erro2/Adequação Sinais - PWM/in_sign_aux'), ('/PWM_BOT_1', '/PWM_BOT_3'), ('/Adequação Sinais Driver/Conectores - PWM e erro/Adequação Sinais - PWM1/in_sign_aux', '/Adequação Sinais Driver/Conectores - PWM e erro2/Adequação Sinais - PWM1/in_sign_aux'), ('unconnected-(J12-Pin_1-Pad1)', 'unconnected-(J18-Pin_1-Pad1)'), ('/Adequação Sinais Driver/Conectores - PWM e erro/PWM_BOT_int', '/Adequação Sinais Driver/Conectores - PWM e erro2/PWM_BOT_int'), ('unconnected-(U25-Pad3)', 'unconnected-(U19-Pad3)'), ('/Adequação Sinais Driver/Conectores - PWM e erro/PWM_BOT_driver', '/Adequação Sinais Driver/Conectores - PWM e erro2/PWM_BOT_driver'), ('/Adequação Sinais Driver/Conectores - PWM e erro/erro_driver', '/Adequação Sinais Driver/Conectores - PWM e erro2/erro_driver'), ('GND', 'GND'), ('unconnected-(U23-Pad3)', 'unconnected-(U18-Pad3)'), ('/Adequação Sinais Driver/Conectores - PWM e erro/PWM_TOP_int', '/Adequação Sinais Driver/Conectores - PWM e erro2/PWM_TOP_int'), ('unconnected-(J12-Pin_5-Pad5)', 'unconnected-(J18-Pin_5-Pad5)'), ('unconnected-(J12-Pin_14-Pad14)', 'unconnected-(J18-Pin_14-Pad14)'), ('unconnected-(U10-Pad4)', 'unconnected-(U17-Pad4)'), ('+3.3V', '+3.3V'), ('unconnected-(J12-Pin_12-Pad12)', 'unconnected-(J18-Pin_12-Pad12)'), ('/err_1', '/err_3'), ('Vdrive', 'Vdrive'), ('unconnected-(J12-Pin_6-Pad6)', 'unconnected-(J18-Pin_6-Pad6)'), ('unconnected-(J12-Pin_7-Pad7)', 'unconnected-(J18-Pin_7-Pad7)'), ('unconnected-(J12-Pin_13-Pad13)', 'unconnected-(J18-Pin_13-Pad13)'), ('/PWM_TOP_1', '/PWM_TOP_3'), ('/Adequação Sinais Driver/Conectores - PWM e erro/PWM_TOP_driver', '/Adequação Sinais Driver/Conectores - PWM e erro2/PWM_TOP_driver')]
10-29 18:49:57 root 332:updating GUI message: 'Replicating text'
10-29 18:49:57 root 337:updating GUI with: 0
10-29 18:49:57 com_github_MitjaNemec_ReplicateLayout.replicate_layout 1168:Replicating text
10-29 18:49:57 com_github_MitjaNemec_ReplicateLayout.replicate_layout 1175:Replicating text on sheet ['Adequação Sinais Driver', 'Conectores - PWM e erro1']
10-29 18:49:57 com_github_MitjaNemec_ReplicateLayout.replicate_layout 1175:Replicating text on sheet ['Adequação Sinais Driver', 'Conectores - PWM e erro2']
10-29 18:49:57 root 332:updating GUI message: 'Replicating drawings'
10-29 18:49:57 com_github_MitjaNemec_ReplicateLayout.replicate_layout 1219:Replicating drawings
10-29 18:49:57 com_github_MitjaNemec_ReplicateLayout.replicate_layout 1225:Replicating drawings on sheet ['Adequação Sinais Driver', 'Conectores - PWM e erro1']
10-29 18:49:57 com_github_MitjaNemec_ReplicateLayout.replicate_layout 1225:Replicating drawings on sheet ['Adequação Sinais Driver', 'Conectores - PWM e erro2']
10-29 18:49:58 com_github_MitjaNemec_ReplicateLayout.action_replicate_layout 256:Replication complete
