10-13 09:43:40 com_github_MitjaNemec_ReplicateLayout.action_replicate_layout 392:Plugin executed on: 'linux'
10-13 09:43:40 com_github_MitjaNemec_ReplicateLayout.action_replicate_layout 393:Plugin executed with python version: '3.8.10 (default, Mar 18 2025, 20:04:55) \n[GCC 9.4.0]'
10-13 09:43:40 com_github_MitjaNemec_ReplicateLayout.action_replicate_layout 394:KiCad build version: 8.0.9-8.0.9-0~ubuntu20.04.1
10-13 09:43:40 com_github_MitjaNemec_ReplicateLayout.action_replicate_layout 395:Plugin version: 3.0.3
10-13 09:43:40 com_github_MitjaNemec_ReplicateLayout.action_replicate_layout 396:Frame repr: <wx._core.Frame object at 0x7f6097808670>
10-13 09:43:40 com_github_MitjaNemec_ReplicateLayout.action_replicate_layout 420:Preparing replicator with L1 as a reference
10-13 09:43:40 com_github_MitjaNemec_ReplicateLayout.replicate_layout 117:getting a list of all footprints on board
10-13 09:43:40 com_github_MitjaNemec_ReplicateLayout.action_replicate_layout 468:source anchor footprint is 'L1'
Located on: ['Conversor 12 to 5V', 'SEPIC_XL6011']
With filenames: ['Buck.kicad_sch', 'SEPIC_XL6009.kicad_sch']
With sheet_id:['Conversor 12 to 5V', 'SEPIC_XL6011']
10-13 09:43:40 com_github_MitjaNemec_ReplicateLayout.action_replicate_layout 475:Corresponding footprints are 
[('L1', ['Conversor 12 to 5V', 'SEPIC_XL6011']), ('L4', ['Conversor 12 to 15V - Simétrico', 'SEPIC_XL6010']), ('L3', ['Conversor 12 to 15V', 'SEPIC_XL6012'])]
10-13 09:43:40 com_github_MitjaNemec_ReplicateLayout.action_replicate_layout 487:Showing dialog
10-13 09:43:40 com_github_MitjaNemec_ReplicateLayout.replicate_layout 472:constructing a list of sheets suitable for replication on level:'SEPIC_XL6011', file:'SEPIC_XL6009.kicad_sch'
10-13 09:43:40 com_github_MitjaNemec_ReplicateLayout.replicate_layout 509:suitable sheets are:[['Conversor 12 to 15V', 'SEPIC_XL6012'], ['Conversor 12 to 15V - Simétrico', 'SEPIC_XL6010']]
10-13 09:43:40 com_github_MitjaNemec_ReplicateLayout.replicate_layout 1507:Level selected: ['Conversor 12 to 5V', 'SEPIC_XL6011']
10-13 09:43:40 com_github_MitjaNemec_ReplicateLayout.replicate_layout 1331:Filtering list of tracks
10-13 09:43:40 com_github_MitjaNemec_ReplicateLayout.action_replicate_layout 493:Toolbar position: wx.Point(1700, 161)
10-13 09:43:40 com_github_MitjaNemec_ReplicateLayout.action_replicate_layout 498:Dialog position: wx.Point(1261, 161)
10-13 09:43:43 com_github_MitjaNemec_ReplicateLayout.replicate_layout 472:constructing a list of sheets suitable for replication on level:'SEPIC_XL6011', file:'SEPIC_XL6009.kicad_sch'
10-13 09:43:43 com_github_MitjaNemec_ReplicateLayout.replicate_layout 509:suitable sheets are:[['Conversor 12 to 15V', 'SEPIC_XL6012'], ['Conversor 12 to 15V - Simétrico', 'SEPIC_XL6010']]
10-13 09:43:43 com_github_MitjaNemec_ReplicateLayout.action_replicate_layout 240:Replicating layout
10-13 09:43:43 com_github_MitjaNemec_ReplicateLayout.replicate_layout 288:Starting replication of sheets: [['Conversor 12 to 15V', 'SEPIC_XL6012'], ['Conversor 12 to 15V - Simétrico', 'SEPIC_XL6010']]
on level: ['Conversor 12 to 5V', 'SEPIC_XL6011']
with tracks=True, zone=True, text=True, text=True, intersecting=False, remove=False, locked footprints=False, group_only=False
10-13 09:43:43 root 332:updating GUI message: 'Preparing for replication'
10-13 09:43:43 root 337:updating GUI with: 0
10-13 09:43:43 com_github_MitjaNemec_ReplicateLayout.replicate_layout 358:Getting the list of source footprints
10-13 09:43:43 root 337:updating GUI with: 0
10-13 09:43:43 com_github_MitjaNemec_ReplicateLayout.replicate_layout 368:Getting the list of all the remaining footprints
10-13 09:43:43 com_github_MitjaNemec_ReplicateLayout.replicate_layout 375:Getting source tracks
10-13 09:43:43 com_github_MitjaNemec_ReplicateLayout.replicate_layout 1331:Filtering list of tracks
10-13 09:43:43 com_github_MitjaNemec_ReplicateLayout.replicate_layout 379:Getting source zones
10-13 09:43:43 com_github_MitjaNemec_ReplicateLayout.replicate_layout 383:Getting source text items
10-13 09:43:43 com_github_MitjaNemec_ReplicateLayout.replicate_layout 387:Getting source drawing items
10-13 09:43:43 root 332:updating GUI message: 'Replicating footprints'
10-13 09:43:43 com_github_MitjaNemec_ReplicateLayout.replicate_layout 861:Replicating footprints
10-13 09:43:43 com_github_MitjaNemec_ReplicateLayout.replicate_layout 868:Replicating footprints on sheet ['Conversor 12 to 15V', 'SEPIC_XL6012']
10-13 09:43:43 com_github_MitjaNemec_ReplicateLayout.replicate_layout 985:Src text UUid:31237a67-3ff3-4282-bf53-d7066e2584c6
10-13 09:43:43 com_github_MitjaNemec_ReplicateLayout.replicate_layout 986:Dst text UUid:2e69b3f9-a2f3-4c99-8b34-495eeb4b0454
10-13 09:43:43 com_github_MitjaNemec_ReplicateLayout.replicate_layout 985:Src text UUid:f49162e8-3132-424c-a67c-3f2f11a7c6a7
10-13 09:43:43 com_github_MitjaNemec_ReplicateLayout.replicate_layout 986:Dst text UUid:30b524af-8e66-44de-bbd1-213f96edcb15
10-13 09:43:43 com_github_MitjaNemec_ReplicateLayout.replicate_layout 985:Src text UUid:05f7b289-7781-4629-8b33-724b49a6fe68
10-13 09:43:43 com_github_MitjaNemec_ReplicateLayout.replicate_layout 986:Dst text UUid:29ee6b24-44c4-4921-b9d0-6d64f0f1d461
10-13 09:43:43 com_github_MitjaNemec_ReplicateLayout.replicate_layout 985:Src text UUid:3df5946d-d22f-438a-b158-44bfe59fa29b
10-13 09:43:43 com_github_MitjaNemec_ReplicateLayout.replicate_layout 986:Dst text UUid:e1c98866-5aed-4c72-8a47-7b8a10029653
10-13 09:43:43 com_github_MitjaNemec_ReplicateLayout.replicate_layout 985:Src text UUid:5a723227-44e1-4570-bc19-3285f9376c8f
10-13 09:43:43 com_github_MitjaNemec_ReplicateLayout.replicate_layout 986:Dst text UUid:091393d9-7aef-4b9d-a026-4a6f780328ef
10-13 09:43:43 com_github_MitjaNemec_ReplicateLayout.replicate_layout 985:Src text UUid:3438ec54-80e2-4c85-a307-d3712df785d4
10-13 09:43:43 com_github_MitjaNemec_ReplicateLayout.replicate_layout 986:Dst text UUid:b76b843b-adb9-4a4d-bad7-a9ea95725ae9
10-13 09:43:43 com_github_MitjaNemec_ReplicateLayout.replicate_layout 985:Src text UUid:bdd81ca1-97bd-4f93-87b1-c4a4eb4939fe
10-13 09:43:43 com_github_MitjaNemec_ReplicateLayout.replicate_layout 986:Dst text UUid:32e1cf4d-649f-4bb6-ac29-d2168b12bf83
10-13 09:43:43 com_github_MitjaNemec_ReplicateLayout.replicate_layout 985:Src text UUid:573de39e-c79a-4bcb-803b-8f355d4215ee
10-13 09:43:43 com_github_MitjaNemec_ReplicateLayout.replicate_layout 986:Dst text UUid:e5544fc9-e230-41c8-822a-641cbc2fe823
10-13 09:43:43 com_github_MitjaNemec_ReplicateLayout.replicate_layout 985:Src text UUid:e9ea78f4-43fa-4ebd-9c2e-905d547ccfc4
10-13 09:43:43 com_github_MitjaNemec_ReplicateLayout.replicate_layout 986:Dst text UUid:bd69e061-07c1-45e4-b680-697fea0a7aca
10-13 09:43:43 com_github_MitjaNemec_ReplicateLayout.replicate_layout 985:Src text UUid:4c9a65f2-294d-4349-bd48-5e4d951177d1
10-13 09:43:43 com_github_MitjaNemec_ReplicateLayout.replicate_layout 986:Dst text UUid:303c7200-ac70-4706-b66f-0dfb93f7de85
10-13 09:43:43 com_github_MitjaNemec_ReplicateLayout.replicate_layout 985:Src text UUid:ff0f21d5-39f8-49c3-b7a4-540d67b841ee
10-13 09:43:43 com_github_MitjaNemec_ReplicateLayout.replicate_layout 986:Dst text UUid:0df0cdda-3d52-43eb-9787-8d9487fef3f4
10-13 09:43:43 com_github_MitjaNemec_ReplicateLayout.replicate_layout 985:Src text UUid:49ce1a79-aa19-453a-b284-fc2bf9212475
10-13 09:43:43 com_github_MitjaNemec_ReplicateLayout.replicate_layout 986:Dst text UUid:c63cf9db-259a-4d73-a167-e150f7097a9f
10-13 09:43:43 com_github_MitjaNemec_ReplicateLayout.replicate_layout 985:Src text UUid:2d938b34-c964-43c5-9e0c-ae06ee6e4d2a
10-13 09:43:43 com_github_MitjaNemec_ReplicateLayout.replicate_layout 986:Dst text UUid:2a48077c-c10f-4fa0-a8ec-cd4bb3a36002
10-13 09:43:43 com_github_MitjaNemec_ReplicateLayout.replicate_layout 985:Src text UUid:d809fa5b-2520-4f79-b09f-f93f874e13a6
10-13 09:43:43 com_github_MitjaNemec_ReplicateLayout.replicate_layout 986:Dst text UUid:f0fc3ccc-7877-4d89-9e5a-a168f7c1a137
10-13 09:43:43 com_github_MitjaNemec_ReplicateLayout.replicate_layout 985:Src text UUid:3084ecb1-127e-4939-b3ff-51e058003149
10-13 09:43:43 com_github_MitjaNemec_ReplicateLayout.replicate_layout 986:Dst text UUid:646b7c02-6f09-486a-bb2a-270b6e09ace9
10-13 09:43:43 com_github_MitjaNemec_ReplicateLayout.replicate_layout 985:Src text UUid:1550236b-e4fe-4050-a080-490613c17996
10-13 09:43:43 com_github_MitjaNemec_ReplicateLayout.replicate_layout 986:Dst text UUid:faa83fb4-1785-488e-a039-c7994cd63687
10-13 09:43:43 com_github_MitjaNemec_ReplicateLayout.replicate_layout 985:Src text UUid:2518da0d-5e97-45a1-b8b1-c90c603a4533
10-13 09:43:43 com_github_MitjaNemec_ReplicateLayout.replicate_layout 986:Dst text UUid:b8d08a46-f998-47de-a9f8-14fa542d7cc9
10-13 09:43:43 com_github_MitjaNemec_ReplicateLayout.replicate_layout 985:Src text UUid:a852fcf7-df4d-4351-9e43-e346823b2789
10-13 09:43:43 com_github_MitjaNemec_ReplicateLayout.replicate_layout 986:Dst text UUid:8ebbf8ae-62e7-4c8d-8d85-79422a9cb22e
10-13 09:43:43 com_github_MitjaNemec_ReplicateLayout.replicate_layout 985:Src text UUid:0bd7aa6c-1f52-48aa-91f7-8c28dd629afa
10-13 09:43:43 com_github_MitjaNemec_ReplicateLayout.replicate_layout 986:Dst text UUid:28f27b4b-7c0b-4289-bdff-eab634a6d979
10-13 09:43:43 com_github_MitjaNemec_ReplicateLayout.replicate_layout 985:Src text UUid:a889fd6e-e1cc-48a8-8e78-b9406d1dbe91
10-13 09:43:43 com_github_MitjaNemec_ReplicateLayout.replicate_layout 986:Dst text UUid:3c9e9d28-a070-4553-9aac-fd303de362af
10-13 09:43:43 com_github_MitjaNemec_ReplicateLayout.replicate_layout 985:Src text UUid:b913e108-7b9a-4a5c-991a-33b722899b32
10-13 09:43:43 com_github_MitjaNemec_ReplicateLayout.replicate_layout 986:Dst text UUid:2b186e25-58df-4cc3-aa0f-59a768f3b9e7
10-13 09:43:43 com_github_MitjaNemec_ReplicateLayout.replicate_layout 985:Src text UUid:97d0503c-fd97-41a1-9f52-8e54eec24dec
10-13 09:43:43 com_github_MitjaNemec_ReplicateLayout.replicate_layout 986:Dst text UUid:358c822e-2488-4ff3-b3c0-26a1ba1cf305
10-13 09:43:43 com_github_MitjaNemec_ReplicateLayout.replicate_layout 985:Src text UUid:00fdea13-31df-441b-b7b1-541ce142b10b
10-13 09:43:43 com_github_MitjaNemec_ReplicateLayout.replicate_layout 986:Dst text UUid:141506bb-b1d8-4585-98a2-65c3b033486b
10-13 09:43:43 com_github_MitjaNemec_ReplicateLayout.replicate_layout 985:Src text UUid:b6d55590-9495-46b3-8a3a-204cb6dd95a3
10-13 09:43:43 com_github_MitjaNemec_ReplicateLayout.replicate_layout 986:Dst text UUid:e0aabf6b-e6f3-43db-a053-87d442b8f866
10-13 09:43:43 com_github_MitjaNemec_ReplicateLayout.replicate_layout 985:Src text UUid:253e21c7-a807-4793-9036-6daf85aae8e6
10-13 09:43:43 com_github_MitjaNemec_ReplicateLayout.replicate_layout 986:Dst text UUid:d04d755e-3958-49e6-ac29-1ad77c80f9e8
10-13 09:43:43 com_github_MitjaNemec_ReplicateLayout.replicate_layout 985:Src text UUid:12cf4017-2a1c-48bd-9f8c-cc23375e9757
10-13 09:43:43 com_github_MitjaNemec_ReplicateLayout.replicate_layout 986:Dst text UUid:78b1cf9f-2f6a-4b9f-9910-2acc919ca9db
10-13 09:43:43 com_github_MitjaNemec_ReplicateLayout.replicate_layout 985:Src text UUid:4c235e19-cb24-475d-ae76-96cd225fc18b
10-13 09:43:43 com_github_MitjaNemec_ReplicateLayout.replicate_layout 986:Dst text UUid:39983e15-e875-4c11-9de6-554776c20b13
10-13 09:43:43 com_github_MitjaNemec_ReplicateLayout.replicate_layout 985:Src text UUid:55312299-df33-4976-a9d6-c86c55d69bb8
10-13 09:43:43 com_github_MitjaNemec_ReplicateLayout.replicate_layout 986:Dst text UUid:6b5a881b-46c7-4996-a890-ddd36e302c67
10-13 09:43:43 com_github_MitjaNemec_ReplicateLayout.replicate_layout 985:Src text UUid:18b0cafc-e714-4030-85d8-3b599877c1f5
10-13 09:43:43 com_github_MitjaNemec_ReplicateLayout.replicate_layout 986:Dst text UUid:2dac2359-2c9a-4a14-9983-78cfeb620eef
10-13 09:43:43 com_github_MitjaNemec_ReplicateLayout.replicate_layout 985:Src text UUid:ec4b77ea-763a-40f0-8064-f47ad015f5e3
10-13 09:43:43 com_github_MitjaNemec_ReplicateLayout.replicate_layout 986:Dst text UUid:522d7211-7b39-4272-b2b0-a269150f4ba3
10-13 09:43:43 com_github_MitjaNemec_ReplicateLayout.replicate_layout 985:Src text UUid:f6b3bc62-e247-43ec-b380-16b33c0fd75c
10-13 09:43:43 com_github_MitjaNemec_ReplicateLayout.replicate_layout 986:Dst text UUid:b280ec42-9684-4aa4-bd39-d0cd0b91a68f
10-13 09:43:43 com_github_MitjaNemec_ReplicateLayout.replicate_layout 985:Src text UUid:b0d0a56e-0b73-4aa6-aaac-9e3622c03a80
10-13 09:43:43 com_github_MitjaNemec_ReplicateLayout.replicate_layout 986:Dst text UUid:07b92499-7d94-45fc-9d71-83d3ad8065cc
10-13 09:43:43 com_github_MitjaNemec_ReplicateLayout.replicate_layout 985:Src text UUid:1aea74ff-5640-4cb2-8391-cd94df319a24
10-13 09:43:43 com_github_MitjaNemec_ReplicateLayout.replicate_layout 986:Dst text UUid:19096b47-6d6c-4dfa-a2b9-44deedf95544
10-13 09:43:43 com_github_MitjaNemec_ReplicateLayout.replicate_layout 868:Replicating footprints on sheet ['Conversor 12 to 15V - Simétrico', 'SEPIC_XL6010']
10-13 09:43:43 com_github_MitjaNemec_ReplicateLayout.replicate_layout 985:Src text UUid:31237a67-3ff3-4282-bf53-d7066e2584c6
10-13 09:43:43 com_github_MitjaNemec_ReplicateLayout.replicate_layout 986:Dst text UUid:ae4de2ce-a28b-4ae9-9c1c-170b349c6823
10-13 09:43:43 com_github_MitjaNemec_ReplicateLayout.replicate_layout 985:Src text UUid:f49162e8-3132-424c-a67c-3f2f11a7c6a7
10-13 09:43:43 com_github_MitjaNemec_ReplicateLayout.replicate_layout 986:Dst text UUid:05b1b0c5-45eb-4220-a0e8-450ded6ea1e8
10-13 09:43:43 com_github_MitjaNemec_ReplicateLayout.replicate_layout 985:Src text UUid:05f7b289-7781-4629-8b33-724b49a6fe68
10-13 09:43:43 com_github_MitjaNemec_ReplicateLayout.replicate_layout 986:Dst text UUid:17eb0d9c-877a-4959-a5f5-6fc0c711f18e
10-13 09:43:43 com_github_MitjaNemec_ReplicateLayout.replicate_layout 985:Src text UUid:3df5946d-d22f-438a-b158-44bfe59fa29b
10-13 09:43:43 com_github_MitjaNemec_ReplicateLayout.replicate_layout 986:Dst text UUid:033aaf23-40e8-4eeb-8fb0-367f761514f1
10-13 09:43:43 com_github_MitjaNemec_ReplicateLayout.replicate_layout 985:Src text UUid:5a723227-44e1-4570-bc19-3285f9376c8f
10-13 09:43:43 com_github_MitjaNemec_ReplicateLayout.replicate_layout 986:Dst text UUid:f375290c-dc9c-46ac-ada7-a10e9984a03c
10-13 09:43:43 com_github_MitjaNemec_ReplicateLayout.replicate_layout 985:Src text UUid:3438ec54-80e2-4c85-a307-d3712df785d4
10-13 09:43:43 com_github_MitjaNemec_ReplicateLayout.replicate_layout 986:Dst text UUid:b1bed938-3eaa-46aa-a271-249070eb44f0
10-13 09:43:43 com_github_MitjaNemec_ReplicateLayout.replicate_layout 985:Src text UUid:bdd81ca1-97bd-4f93-87b1-c4a4eb4939fe
10-13 09:43:43 com_github_MitjaNemec_ReplicateLayout.replicate_layout 986:Dst text UUid:f00673e9-05c0-498b-b899-ece77c9bcffe
10-13 09:43:43 com_github_MitjaNemec_ReplicateLayout.replicate_layout 985:Src text UUid:573de39e-c79a-4bcb-803b-8f355d4215ee
10-13 09:43:43 com_github_MitjaNemec_ReplicateLayout.replicate_layout 986:Dst text UUid:63f8f869-75a3-41c5-917e-00351d42b58f
10-13 09:43:43 com_github_MitjaNemec_ReplicateLayout.replicate_layout 985:Src text UUid:e9ea78f4-43fa-4ebd-9c2e-905d547ccfc4
10-13 09:43:43 com_github_MitjaNemec_ReplicateLayout.replicate_layout 986:Dst text UUid:4a4cf350-fba8-46fa-81be-6e16750c2459
10-13 09:43:43 com_github_MitjaNemec_ReplicateLayout.replicate_layout 985:Src text UUid:4c9a65f2-294d-4349-bd48-5e4d951177d1
10-13 09:43:43 com_github_MitjaNemec_ReplicateLayout.replicate_layout 986:Dst text UUid:a4be8ff8-e6e8-4d4c-9273-659ed15efa12
10-13 09:43:43 com_github_MitjaNemec_ReplicateLayout.replicate_layout 985:Src text UUid:ff0f21d5-39f8-49c3-b7a4-540d67b841ee
10-13 09:43:43 com_github_MitjaNemec_ReplicateLayout.replicate_layout 986:Dst text UUid:808b82cd-9cc3-4bd5-b520-5b21edd4c1a9
10-13 09:43:43 com_github_MitjaNemec_ReplicateLayout.replicate_layout 985:Src text UUid:49ce1a79-aa19-453a-b284-fc2bf9212475
10-13 09:43:43 com_github_MitjaNemec_ReplicateLayout.replicate_layout 986:Dst text UUid:340f0dcd-dde0-4f2e-a99e-0dd2978720a7
10-13 09:43:43 com_github_MitjaNemec_ReplicateLayout.replicate_layout 985:Src text UUid:2d938b34-c964-43c5-9e0c-ae06ee6e4d2a
10-13 09:43:43 com_github_MitjaNemec_ReplicateLayout.replicate_layout 986:Dst text UUid:4ead4e24-9900-4d56-b3fe-ce4912f92587
10-13 09:43:43 com_github_MitjaNemec_ReplicateLayout.replicate_layout 985:Src text UUid:d809fa5b-2520-4f79-b09f-f93f874e13a6
10-13 09:43:43 com_github_MitjaNemec_ReplicateLayout.replicate_layout 986:Dst text UUid:c8c8d3d0-2d89-43f6-8cce-fc27372ca497
10-13 09:43:43 com_github_MitjaNemec_ReplicateLayout.replicate_layout 985:Src text UUid:3084ecb1-127e-4939-b3ff-51e058003149
10-13 09:43:43 com_github_MitjaNemec_ReplicateLayout.replicate_layout 986:Dst text UUid:32374aab-ab48-4114-ba06-8e756634a771
10-13 09:43:43 com_github_MitjaNemec_ReplicateLayout.replicate_layout 985:Src text UUid:1550236b-e4fe-4050-a080-490613c17996
10-13 09:43:43 com_github_MitjaNemec_ReplicateLayout.replicate_layout 986:Dst text UUid:a426b368-caad-4599-a0f9-608c6d38270f
10-13 09:43:43 com_github_MitjaNemec_ReplicateLayout.replicate_layout 985:Src text UUid:2518da0d-5e97-45a1-b8b1-c90c603a4533
10-13 09:43:43 com_github_MitjaNemec_ReplicateLayout.replicate_layout 986:Dst text UUid:cf62e176-e8bd-4470-aa5f-1c7c512093c1
10-13 09:43:43 com_github_MitjaNemec_ReplicateLayout.replicate_layout 985:Src text UUid:a852fcf7-df4d-4351-9e43-e346823b2789
10-13 09:43:43 com_github_MitjaNemec_ReplicateLayout.replicate_layout 986:Dst text UUid:07daf85c-700b-4ca4-841e-bb505e6f861a
10-13 09:43:43 com_github_MitjaNemec_ReplicateLayout.replicate_layout 985:Src text UUid:0bd7aa6c-1f52-48aa-91f7-8c28dd629afa
10-13 09:43:43 com_github_MitjaNemec_ReplicateLayout.replicate_layout 986:Dst text UUid:bd71d843-69fd-48f9-aac0-ac4074bce1bf
10-13 09:43:43 com_github_MitjaNemec_ReplicateLayout.replicate_layout 985:Src text UUid:a889fd6e-e1cc-48a8-8e78-b9406d1dbe91
10-13 09:43:43 com_github_MitjaNemec_ReplicateLayout.replicate_layout 986:Dst text UUid:dd1a1738-0f6f-46b5-9f7d-7fb7e00bdc56
10-13 09:43:43 com_github_MitjaNemec_ReplicateLayout.replicate_layout 985:Src text UUid:b913e108-7b9a-4a5c-991a-33b722899b32
10-13 09:43:43 com_github_MitjaNemec_ReplicateLayout.replicate_layout 986:Dst text UUid:f70bf936-a8f7-42e6-bf59-e50710c9ff34
10-13 09:43:43 com_github_MitjaNemec_ReplicateLayout.replicate_layout 985:Src text UUid:97d0503c-fd97-41a1-9f52-8e54eec24dec
10-13 09:43:43 com_github_MitjaNemec_ReplicateLayout.replicate_layout 986:Dst text UUid:74418541-5f27-4f85-ac01-244a0a05966c
10-13 09:43:43 com_github_MitjaNemec_ReplicateLayout.replicate_layout 985:Src text UUid:00fdea13-31df-441b-b7b1-541ce142b10b
10-13 09:43:43 com_github_MitjaNemec_ReplicateLayout.replicate_layout 986:Dst text UUid:c0f604fc-0664-4793-adb2-19f8cae8e39b
10-13 09:43:43 com_github_MitjaNemec_ReplicateLayout.replicate_layout 985:Src text UUid:b6d55590-9495-46b3-8a3a-204cb6dd95a3
10-13 09:43:43 com_github_MitjaNemec_ReplicateLayout.replicate_layout 986:Dst text UUid:96f5f4b2-0e4c-48d9-8d83-bce041c9e136
10-13 09:43:43 com_github_MitjaNemec_ReplicateLayout.replicate_layout 985:Src text UUid:253e21c7-a807-4793-9036-6daf85aae8e6
10-13 09:43:43 com_github_MitjaNemec_ReplicateLayout.replicate_layout 986:Dst text UUid:b05aa2b6-1f3c-4c35-a62e-d58fa617b19c
10-13 09:43:43 com_github_MitjaNemec_ReplicateLayout.replicate_layout 985:Src text UUid:12cf4017-2a1c-48bd-9f8c-cc23375e9757
10-13 09:43:43 com_github_MitjaNemec_ReplicateLayout.replicate_layout 986:Dst text UUid:12de888a-e325-49e5-a437-6258fa4c949d
10-13 09:43:43 com_github_MitjaNemec_ReplicateLayout.replicate_layout 985:Src text UUid:4c235e19-cb24-475d-ae76-96cd225fc18b
10-13 09:43:43 com_github_MitjaNemec_ReplicateLayout.replicate_layout 986:Dst text UUid:6e598e22-895c-4a11-bdfa-757896ad24f3
10-13 09:43:43 com_github_MitjaNemec_ReplicateLayout.replicate_layout 985:Src text UUid:55312299-df33-4976-a9d6-c86c55d69bb8
10-13 09:43:43 com_github_MitjaNemec_ReplicateLayout.replicate_layout 986:Dst text UUid:a73707e5-eb13-49f3-a43d-a74d2030d7de
10-13 09:43:43 com_github_MitjaNemec_ReplicateLayout.replicate_layout 985:Src text UUid:18b0cafc-e714-4030-85d8-3b599877c1f5
10-13 09:43:43 com_github_MitjaNemec_ReplicateLayout.replicate_layout 986:Dst text UUid:c584f932-35bb-424a-a04a-622b499aa735
10-13 09:43:43 com_github_MitjaNemec_ReplicateLayout.replicate_layout 985:Src text UUid:ec4b77ea-763a-40f0-8064-f47ad015f5e3
10-13 09:43:43 com_github_MitjaNemec_ReplicateLayout.replicate_layout 986:Dst text UUid:95964e38-6b22-4368-9054-87bc7aa6ff9c
10-13 09:43:43 com_github_MitjaNemec_ReplicateLayout.replicate_layout 985:Src text UUid:f6b3bc62-e247-43ec-b380-16b33c0fd75c
10-13 09:43:43 com_github_MitjaNemec_ReplicateLayout.replicate_layout 986:Dst text UUid:6bca5520-6cf8-4995-98e0-1db0ce14e9d7
10-13 09:43:43 com_github_MitjaNemec_ReplicateLayout.replicate_layout 985:Src text UUid:b0d0a56e-0b73-4aa6-aaac-9e3622c03a80
10-13 09:43:43 com_github_MitjaNemec_ReplicateLayout.replicate_layout 986:Dst text UUid:fd7abd7a-a6a0-450c-8629-55d2bb6ba052
10-13 09:43:43 com_github_MitjaNemec_ReplicateLayout.replicate_layout 985:Src text UUid:1aea74ff-5640-4cb2-8391-cd94df319a24
10-13 09:43:43 com_github_MitjaNemec_ReplicateLayout.replicate_layout 986:Dst text UUid:523aa7c4-a97c-400d-bda4-a5dad52e1e8e
10-13 09:43:43 root 332:updating GUI message: 'Replicating tracks'
10-13 09:43:43 root 337:updating GUI with: 0
10-13 09:43:43 com_github_MitjaNemec_ReplicateLayout.replicate_layout 1009:Replicating tracks
10-13 09:43:43 root 337:updating GUI with: 0
10-13 09:43:43 com_github_MitjaNemec_ReplicateLayout.replicate_layout 1015:Replicating tracks on sheet ['Conversor 12 to 15V', 'SEPIC_XL6012']
10-13 09:43:43 com_github_MitjaNemec_ReplicateLayout.replicate_layout 792:Net pairs for sheet ['Conversor 12 to 15V', 'SEPIC_XL6012'] :[('/Conversor 12 to 5V/SEPIC_XL6011/SW', '/Conversor 12 to 15V/SEPIC_XL6012/SW'), ('/Conversor 12 to 5V/SEPIC_XL6011/L_out', '/Conversor 12 to 15V/SEPIC_XL6012/L_out'), ('+12V', '+12V'), ('Net-(R1-Pad2)', 'Net-(R4-Pad2)'), ('Net-(U3-FB)', 'Net-(U4-FB)'), ('unconnected-(U3-EN-Pad2)', 'unconnected-(U4-EN-Pad2)'), ('5V', '15V'), ('GND', 'GND')]
10-13 09:43:43 com_github_MitjaNemec_ReplicateLayout.replicate_layout 1015:Replicating tracks on sheet ['Conversor 12 to 15V - Simétrico', 'SEPIC_XL6010']
10-13 09:43:43 com_github_MitjaNemec_ReplicateLayout.replicate_layout 792:Net pairs for sheet ['Conversor 12 to 15V - Simétrico', 'SEPIC_XL6010'] :[('Net-(R1-Pad2)', 'Net-(R7-Pad2)'), ('5V', '+15V_sym'), ('/Conversor 12 to 5V/SEPIC_XL6011/SW', '/Conversor 12 to 15V - Simétrico/SEPIC_XL6010/SW'), ('+12V', '+12V'), ('unconnected-(U3-EN-Pad2)', 'unconnected-(U5-EN-Pad2)'), ('/Conversor 12 to 5V/SEPIC_XL6011/L_out', '/Conversor 12 to 15V - Simétrico/SEPIC_XL6010/L_out'), ('Net-(U3-FB)', 'Net-(U5-FB)'), ('GND', 'GND')]
10-13 09:43:43 root 332:updating GUI message: 'Replicating zones'
10-13 09:43:43 com_github_MitjaNemec_ReplicateLayout.replicate_layout 1079:Replicating zones
10-13 09:43:43 com_github_MitjaNemec_ReplicateLayout.replicate_layout 1086:Replicating zones on sheet ['Conversor 12 to 15V', 'SEPIC_XL6012']
10-13 09:43:43 com_github_MitjaNemec_ReplicateLayout.replicate_layout 792:Net pairs for sheet ['Conversor 12 to 15V', 'SEPIC_XL6012'] :[('/Conversor 12 to 5V/SEPIC_XL6011/SW', '/Conversor 12 to 15V/SEPIC_XL6012/SW'), ('/Conversor 12 to 5V/SEPIC_XL6011/L_out', '/Conversor 12 to 15V/SEPIC_XL6012/L_out'), ('+12V', '+12V'), ('Net-(R1-Pad2)', 'Net-(R4-Pad2)'), ('Net-(U3-FB)', 'Net-(U4-FB)'), ('unconnected-(U3-EN-Pad2)', 'unconnected-(U4-EN-Pad2)'), ('5V', '15V'), ('GND', 'GND')]
10-13 09:43:43 com_github_MitjaNemec_ReplicateLayout.replicate_layout 1086:Replicating zones on sheet ['Conversor 12 to 15V - Simétrico', 'SEPIC_XL6010']
10-13 09:43:43 com_github_MitjaNemec_ReplicateLayout.replicate_layout 792:Net pairs for sheet ['Conversor 12 to 15V - Simétrico', 'SEPIC_XL6010'] :[('Net-(R1-Pad2)', 'Net-(R7-Pad2)'), ('5V', '+15V_sym'), ('/Conversor 12 to 5V/SEPIC_XL6011/SW', '/Conversor 12 to 15V - Simétrico/SEPIC_XL6010/SW'), ('+12V', '+12V'), ('unconnected-(U3-EN-Pad2)', 'unconnected-(U5-EN-Pad2)'), ('/Conversor 12 to 5V/SEPIC_XL6011/L_out', '/Conversor 12 to 15V - Simétrico/SEPIC_XL6010/L_out'), ('Net-(U3-FB)', 'Net-(U5-FB)'), ('GND', 'GND')]
10-13 09:43:43 root 332:updating GUI message: 'Replicating text'
10-13 09:43:43 com_github_MitjaNemec_ReplicateLayout.replicate_layout 1168:Replicating text
10-13 09:43:43 root 337:updating GUI with: 0
10-13 09:43:43 com_github_MitjaNemec_ReplicateLayout.replicate_layout 1175:Replicating text on sheet ['Conversor 12 to 15V', 'SEPIC_XL6012']
10-13 09:43:43 com_github_MitjaNemec_ReplicateLayout.replicate_layout 1175:Replicating text on sheet ['Conversor 12 to 15V - Simétrico', 'SEPIC_XL6010']
10-13 09:43:43 root 332:updating GUI message: 'Replicating drawings'
10-13 09:43:43 com_github_MitjaNemec_ReplicateLayout.replicate_layout 1219:Replicating drawings
10-13 09:43:43 com_github_MitjaNemec_ReplicateLayout.replicate_layout 1225:Replicating drawings on sheet ['Conversor 12 to 15V', 'SEPIC_XL6012']
10-13 09:43:43 com_github_MitjaNemec_ReplicateLayout.replicate_layout 1225:Replicating drawings on sheet ['Conversor 12 to 15V - Simétrico', 'SEPIC_XL6010']
10-13 09:43:43 com_github_MitjaNemec_ReplicateLayout.action_replicate_layout 256:Replication complete
