10-01 13:07:08 com_github_MitjaNemec_ReplicateLayout.action_replicate_layout 392:Plugin executed on: 'linux'
10-01 13:07:08 com_github_MitjaNemec_ReplicateLayout.action_replicate_layout 393:Plugin executed with python version: '3.8.10 (default, Mar 18 2025, 20:04:55) \n[GCC 9.4.0]'
10-01 13:07:08 com_github_MitjaNemec_ReplicateLayout.action_replicate_layout 394:KiCad build version: 8.0.9-8.0.9-0~ubuntu20.04.1
10-01 13:07:08 com_github_MitjaNemec_ReplicateLayout.action_replicate_layout 395:Plugin version: 3.0.3
10-01 13:07:08 com_github_MitjaNemec_ReplicateLayout.action_replicate_layout 396:Frame repr: <wx._core.Frame object at 0x7faee802e5e0>
10-01 13:07:08 com_github_MitjaNemec_ReplicateLayout.action_replicate_layout 420:Preparing replicator with U16 as a reference
10-01 13:07:08 com_github_MitjaNemec_ReplicateLayout.replicate_layout 117:getting a list of all footprints on board
10-01 13:07:09 com_github_MitjaNemec_ReplicateLayout.action_replicate_layout 468:source anchor footprint is 'U16'
Located on: ['PWM - 15V Level Shifter', 'Conectores - PWM e erro']
With filenames: ['PWM_level_shifter_15V.kicad_sch', 'conn_driver.kicad_sch']
With sheet_id:['PWM - 15V Level Shifter', 'Conectores - PWM e erro']
10-01 13:07:09 com_github_MitjaNemec_ReplicateLayout.action_replicate_layout 475:Corresponding footprints are 
[('U12', ['PWM - 15V Level Shifter', 'Conectores - PWM e erro2']), ('U16', ['PWM - 15V Level Shifter', 'Conectores - PWM e erro']), ('U8', ['PWM - 15V Level Shifter', 'Conectores - PWM e erro1'])]
10-01 13:07:09 com_github_MitjaNemec_ReplicateLayout.action_replicate_layout 487:Showing dialog
10-01 13:07:09 com_github_MitjaNemec_ReplicateLayout.replicate_layout 472:constructing a list of sheets suitable for replication on level:'Conectores - PWM e erro', file:'conn_driver.kicad_sch'
10-01 13:07:09 com_github_MitjaNemec_ReplicateLayout.replicate_layout 509:suitable sheets are:[['PWM - 15V Level Shifter', 'Conectores - PWM e erro1'], ['PWM - 15V Level Shifter', 'Conectores - PWM e erro2']]
10-01 13:07:09 com_github_MitjaNemec_ReplicateLayout.replicate_layout 1507:Level selected: ['PWM - 15V Level Shifter', 'Conectores - PWM e erro']
10-01 13:07:09 com_github_MitjaNemec_ReplicateLayout.replicate_layout 1331:Filtering list of tracks
10-01 13:07:09 com_github_MitjaNemec_ReplicateLayout.action_replicate_layout 493:Toolbar position: wx.Point(1700, 161)
10-01 13:07:09 com_github_MitjaNemec_ReplicateLayout.action_replicate_layout 498:Dialog position: wx.Point(1261, 161)
10-01 13:07:12 com_github_MitjaNemec_ReplicateLayout.replicate_layout 472:constructing a list of sheets suitable for replication on level:'Conectores - PWM e erro', file:'conn_driver.kicad_sch'
10-01 13:07:12 com_github_MitjaNemec_ReplicateLayout.replicate_layout 509:suitable sheets are:[['PWM - 15V Level Shifter', 'Conectores - PWM e erro1'], ['PWM - 15V Level Shifter', 'Conectores - PWM e erro2']]
10-01 13:07:12 com_github_MitjaNemec_ReplicateLayout.action_replicate_layout 240:Replicating layout
10-01 13:07:12 com_github_MitjaNemec_ReplicateLayout.replicate_layout 288:Starting replication of sheets: [['PWM - 15V Level Shifter', 'Conectores - PWM e erro1'], ['PWM - 15V Level Shifter', 'Conectores - PWM e erro2']]
on level: ['PWM - 15V Level Shifter', 'Conectores - PWM e erro']
with tracks=True, zone=True, text=True, text=True, intersecting=False, remove=True, locked footprints=False, group_only=False
10-01 13:07:12 root 332:updating GUI message: 'Preparing for replication'
10-01 13:07:12 com_github_MitjaNemec_ReplicateLayout.replicate_layout 358:Getting the list of source footprints
10-01 13:07:12 root 337:updating GUI with: 0
10-01 13:07:12 com_github_MitjaNemec_ReplicateLayout.replicate_layout 368:Getting the list of all the remaining footprints
10-01 13:07:12 com_github_MitjaNemec_ReplicateLayout.replicate_layout 375:Getting source tracks
10-01 13:07:12 com_github_MitjaNemec_ReplicateLayout.replicate_layout 1331:Filtering list of tracks
10-01 13:07:12 com_github_MitjaNemec_ReplicateLayout.replicate_layout 379:Getting source zones
10-01 13:07:12 com_github_MitjaNemec_ReplicateLayout.replicate_layout 383:Getting source text items
10-01 13:07:12 com_github_MitjaNemec_ReplicateLayout.replicate_layout 387:Getting source drawing items
10-01 13:07:12 com_github_MitjaNemec_ReplicateLayout.replicate_layout 320:Removing tracks and zones, before footprint placement
10-01 13:07:12 root 332:updating GUI message: 'Removing zones and tracks'
10-01 13:07:12 root 337:updating GUI with: 0
10-01 13:07:12 com_github_MitjaNemec_ReplicateLayout.replicate_layout 1277:Remove bounding box top:80578521, bottom:119338320, Left:130775800, Right:186632400
10-01 13:07:12 com_github_MitjaNemec_ReplicateLayout.replicate_layout 1277:Remove bounding box top:123052521, bottom:161812320, Left:130594200, Right:186450800
10-01 13:07:12 root 332:updating GUI message: 'Replicating footprints'
10-01 13:07:12 com_github_MitjaNemec_ReplicateLayout.replicate_layout 861:Replicating footprints
10-01 13:07:12 root 337:updating GUI with: 0
10-01 13:07:12 com_github_MitjaNemec_ReplicateLayout.replicate_layout 868:Replicating footprints on sheet ['PWM - 15V Level Shifter', 'Conectores - PWM e erro1']
10-01 13:07:12 com_github_MitjaNemec_ReplicateLayout.replicate_layout 985:Src text UUid:69a94ff8-01bf-459b-9659-f81286ddff65
10-01 13:07:12 com_github_MitjaNemec_ReplicateLayout.replicate_layout 986:Dst text UUid:de739baa-7134-45c3-967e-1adab7d1a226
10-01 13:07:12 com_github_MitjaNemec_ReplicateLayout.replicate_layout 985:Src text UUid:03461788-9c95-4d39-89fe-7e624676250e
10-01 13:07:12 com_github_MitjaNemec_ReplicateLayout.replicate_layout 986:Dst text UUid:8bddc4a7-ebed-412e-a0a2-9e5338a1cf60
10-01 13:07:12 com_github_MitjaNemec_ReplicateLayout.replicate_layout 985:Src text UUid:fbdf9007-9db3-49a2-97e2-1e0099250384
10-01 13:07:12 com_github_MitjaNemec_ReplicateLayout.replicate_layout 986:Dst text UUid:55a91ed2-a5f5-485c-9936-f1f6ca4cb90b
10-01 13:07:12 com_github_MitjaNemec_ReplicateLayout.replicate_layout 985:Src text UUid:0cdc2150-9db3-478f-8611-81e4e043885b
10-01 13:07:12 com_github_MitjaNemec_ReplicateLayout.replicate_layout 986:Dst text UUid:abf798ce-94c3-42c7-8151-31a2c53f1035
10-01 13:07:12 com_github_MitjaNemec_ReplicateLayout.replicate_layout 985:Src text UUid:a3eccfec-59ab-4f27-8299-2a9979dd8e45
10-01 13:07:12 com_github_MitjaNemec_ReplicateLayout.replicate_layout 986:Dst text UUid:a566ef45-b5d9-4337-a19c-945abc083865
10-01 13:07:12 com_github_MitjaNemec_ReplicateLayout.replicate_layout 985:Src text UUid:03ddda9e-e2fe-45e2-9187-9ec1988e58ee
10-01 13:07:12 com_github_MitjaNemec_ReplicateLayout.replicate_layout 986:Dst text UUid:1a9791be-1b59-4ae5-8490-8588378e2bcf
10-01 13:07:12 com_github_MitjaNemec_ReplicateLayout.replicate_layout 985:Src text UUid:952a32db-c678-4dd4-8c5e-12dcbe880100
10-01 13:07:12 com_github_MitjaNemec_ReplicateLayout.replicate_layout 986:Dst text UUid:bd4c1cbf-cfd0-4ec4-9a8b-a85c897f7963
10-01 13:07:12 com_github_MitjaNemec_ReplicateLayout.replicate_layout 985:Src text UUid:c5e5cc2d-c59b-4cbc-8129-ad59efadafe9
10-01 13:07:12 com_github_MitjaNemec_ReplicateLayout.replicate_layout 986:Dst text UUid:a5fee6cd-4840-4416-b0c3-9192562855e1
10-01 13:07:12 com_github_MitjaNemec_ReplicateLayout.replicate_layout 985:Src text UUid:4c791bb2-7176-4b45-8eb1-aaa161f45652
10-01 13:07:12 com_github_MitjaNemec_ReplicateLayout.replicate_layout 986:Dst text UUid:764a5064-90ed-439d-a009-7fcfde455183
10-01 13:07:12 com_github_MitjaNemec_ReplicateLayout.replicate_layout 985:Src text UUid:ccddf44a-af01-455e-a8f7-36f70f9d5872
10-01 13:07:12 com_github_MitjaNemec_ReplicateLayout.replicate_layout 986:Dst text UUid:5e32ddfe-14fd-4e89-b53c-32622529d853
10-01 13:07:12 com_github_MitjaNemec_ReplicateLayout.replicate_layout 985:Src text UUid:d71cbb47-3fc9-46ff-b7aa-5f8ca6826ff4
10-01 13:07:12 com_github_MitjaNemec_ReplicateLayout.replicate_layout 986:Dst text UUid:9930ed67-a6ac-419e-b61a-9fa241bb14c7
10-01 13:07:12 com_github_MitjaNemec_ReplicateLayout.replicate_layout 985:Src text UUid:da0cf87e-a956-4c03-af9b-d9ab66ace84d
10-01 13:07:12 com_github_MitjaNemec_ReplicateLayout.replicate_layout 986:Dst text UUid:c8066c61-0438-4ab6-8eaf-88312cf3ab58
10-01 13:07:12 com_github_MitjaNemec_ReplicateLayout.replicate_layout 985:Src text UUid:db7243ec-6377-4e9b-bf89-929cca436e7c
10-01 13:07:12 com_github_MitjaNemec_ReplicateLayout.replicate_layout 986:Dst text UUid:a4d422e7-c7a3-478e-8c3b-ab52ba04bb48
10-01 13:07:12 com_github_MitjaNemec_ReplicateLayout.replicate_layout 985:Src text UUid:4af3fd35-cae8-4c86-8daf-0572302ca0ff
10-01 13:07:12 com_github_MitjaNemec_ReplicateLayout.replicate_layout 986:Dst text UUid:cad6b194-0ae2-41f2-adae-c000d54f9a86
10-01 13:07:12 com_github_MitjaNemec_ReplicateLayout.replicate_layout 985:Src text UUid:b2646107-07fe-4108-a683-ea516ed5ad1e
10-01 13:07:12 com_github_MitjaNemec_ReplicateLayout.replicate_layout 986:Dst text UUid:711f519e-5b8f-40fc-b067-8e52c3b09a32
10-01 13:07:12 com_github_MitjaNemec_ReplicateLayout.replicate_layout 985:Src text UUid:b05074fe-779a-453c-97d3-4781c6450080
10-01 13:07:12 com_github_MitjaNemec_ReplicateLayout.replicate_layout 986:Dst text UUid:7f31ad1c-b0d1-452f-860d-c52b00df8ed3
10-01 13:07:12 com_github_MitjaNemec_ReplicateLayout.replicate_layout 985:Src text UUid:e7a06ace-9c04-4afb-9c24-54b9917bfcaf
10-01 13:07:12 com_github_MitjaNemec_ReplicateLayout.replicate_layout 986:Dst text UUid:e342471b-76b7-4e20-97ae-56cb22929881
10-01 13:07:12 com_github_MitjaNemec_ReplicateLayout.replicate_layout 985:Src text UUid:94c67ad8-2b66-4917-b1fe-0fbc1b0641f4
10-01 13:07:12 com_github_MitjaNemec_ReplicateLayout.replicate_layout 986:Dst text UUid:dde8a4d5-5036-4a30-a2f2-ac0b49f006df
10-01 13:07:12 com_github_MitjaNemec_ReplicateLayout.replicate_layout 985:Src text UUid:c4684024-ac59-490d-94dd-9244254b5421
10-01 13:07:12 com_github_MitjaNemec_ReplicateLayout.replicate_layout 986:Dst text UUid:8bcac37b-4452-4a76-8b6f-d05be4384644
10-01 13:07:12 com_github_MitjaNemec_ReplicateLayout.replicate_layout 985:Src text UUid:888485cd-c8b3-44a7-87d0-6058c2a1d4fa
10-01 13:07:12 com_github_MitjaNemec_ReplicateLayout.replicate_layout 986:Dst text UUid:9377d9aa-fc13-4049-b4da-e16f4dfd40b2
10-01 13:07:12 com_github_MitjaNemec_ReplicateLayout.replicate_layout 985:Src text UUid:d6c113bc-56aa-422c-8e96-55c570510f94
10-01 13:07:12 com_github_MitjaNemec_ReplicateLayout.replicate_layout 986:Dst text UUid:435cd2eb-1113-42ba-a946-9117c1dd3633
10-01 13:07:12 com_github_MitjaNemec_ReplicateLayout.replicate_layout 985:Src text UUid:2649d1f3-4ea4-4221-8f04-c236f190b9ca
10-01 13:07:12 com_github_MitjaNemec_ReplicateLayout.replicate_layout 986:Dst text UUid:109a2559-8f7f-486b-b7fb-54d6f29766dc
10-01 13:07:12 com_github_MitjaNemec_ReplicateLayout.replicate_layout 985:Src text UUid:ff38fe20-7a98-41df-b760-78c3c8c9e5b8
10-01 13:07:12 com_github_MitjaNemec_ReplicateLayout.replicate_layout 986:Dst text UUid:fb278b8f-8ec1-4ba5-b2e2-8aaef75ff73d
10-01 13:07:12 com_github_MitjaNemec_ReplicateLayout.replicate_layout 985:Src text UUid:badbe94e-b5f9-4562-973d-2227fca603c2
10-01 13:07:12 com_github_MitjaNemec_ReplicateLayout.replicate_layout 986:Dst text UUid:1844d655-27e9-48d1-b7ca-43a2074163e8
10-01 13:07:12 com_github_MitjaNemec_ReplicateLayout.replicate_layout 985:Src text UUid:8afd5755-cc63-406c-be45-40d401e7e02d
10-01 13:07:12 com_github_MitjaNemec_ReplicateLayout.replicate_layout 986:Dst text UUid:a23d462c-480c-4b36-9ecb-7866e2a6c4b0
10-01 13:07:12 com_github_MitjaNemec_ReplicateLayout.replicate_layout 985:Src text UUid:a0b37b48-b5a9-43fe-8760-c848a46b7110
10-01 13:07:12 com_github_MitjaNemec_ReplicateLayout.replicate_layout 986:Dst text UUid:27cece70-70cb-45f2-b5e7-6a19cb9e8a83
10-01 13:07:12 com_github_MitjaNemec_ReplicateLayout.replicate_layout 985:Src text UUid:fc5f1210-8c63-459c-b767-7abe78c2e9d0
10-01 13:07:12 com_github_MitjaNemec_ReplicateLayout.replicate_layout 986:Dst text UUid:c3cfff0d-2c7a-4fb7-a67f-082f3492ae60
10-01 13:07:12 com_github_MitjaNemec_ReplicateLayout.replicate_layout 985:Src text UUid:44b1fe17-a319-403d-b16e-99bbb75bf1b2
10-01 13:07:12 com_github_MitjaNemec_ReplicateLayout.replicate_layout 986:Dst text UUid:beef1e6f-32d3-4f51-aa14-a731ce7958e4
10-01 13:07:12 com_github_MitjaNemec_ReplicateLayout.replicate_layout 985:Src text UUid:b9aa5419-3796-4c81-bce8-f5ebee931bb8
10-01 13:07:12 com_github_MitjaNemec_ReplicateLayout.replicate_layout 986:Dst text UUid:1ec618cb-39d6-4d5d-a7ba-ec1a7a095253
10-01 13:07:12 com_github_MitjaNemec_ReplicateLayout.replicate_layout 985:Src text UUid:09816c4d-ac5e-4d34-8882-05fd3c480eb6
10-01 13:07:12 com_github_MitjaNemec_ReplicateLayout.replicate_layout 986:Dst text UUid:76817e46-354d-499a-a600-6877c6622b34
10-01 13:07:12 com_github_MitjaNemec_ReplicateLayout.replicate_layout 985:Src text UUid:e994ea10-279e-42cf-99c9-11fe7af5f871
10-01 13:07:12 com_github_MitjaNemec_ReplicateLayout.replicate_layout 986:Dst text UUid:4cf2ffc3-ca05-4c93-8df8-bbc6ca9d3a35
10-01 13:07:12 com_github_MitjaNemec_ReplicateLayout.replicate_layout 985:Src text UUid:8eec795a-ac83-4758-be05-471332ebd95f
10-01 13:07:12 com_github_MitjaNemec_ReplicateLayout.replicate_layout 986:Dst text UUid:fec5771f-00a6-4e58-9de0-ef11f8347b04
10-01 13:07:12 com_github_MitjaNemec_ReplicateLayout.replicate_layout 985:Src text UUid:7c881823-f4fb-41f4-aaa9-8c4748498595
10-01 13:07:12 com_github_MitjaNemec_ReplicateLayout.replicate_layout 986:Dst text UUid:c9f1cb24-4253-4b0f-969f-82a02229c94b
10-01 13:07:12 com_github_MitjaNemec_ReplicateLayout.replicate_layout 985:Src text UUid:baa8c253-f3f8-411b-b80d-5f8b05853bbd
10-01 13:07:12 com_github_MitjaNemec_ReplicateLayout.replicate_layout 986:Dst text UUid:80758522-4708-4fba-b23b-03e22247c58c
10-01 13:07:12 com_github_MitjaNemec_ReplicateLayout.replicate_layout 985:Src text UUid:a2977c3c-873a-4163-aed1-f4c37d539917
10-01 13:07:12 com_github_MitjaNemec_ReplicateLayout.replicate_layout 986:Dst text UUid:3736c8d7-abca-4c89-93d2-e2dee4fdc7ea
10-01 13:07:12 com_github_MitjaNemec_ReplicateLayout.replicate_layout 985:Src text UUid:47b5df9d-e32e-4e86-9550-32a18b97ac54
10-01 13:07:12 com_github_MitjaNemec_ReplicateLayout.replicate_layout 986:Dst text UUid:dc08a20d-a328-4691-9e30-60c08af8b9fa
10-01 13:07:12 com_github_MitjaNemec_ReplicateLayout.replicate_layout 985:Src text UUid:9642a5df-60f6-4924-86f3-0c4ab2458c83
10-01 13:07:12 com_github_MitjaNemec_ReplicateLayout.replicate_layout 986:Dst text UUid:1ad7699a-f099-4669-acd8-83224cc9e978
10-01 13:07:12 com_github_MitjaNemec_ReplicateLayout.replicate_layout 985:Src text UUid:e80cc13d-f790-4a98-a504-fa8bcb04f99d
10-01 13:07:12 com_github_MitjaNemec_ReplicateLayout.replicate_layout 986:Dst text UUid:c9d112c4-fbe3-49f2-a409-560124b72ad4
10-01 13:07:12 com_github_MitjaNemec_ReplicateLayout.replicate_layout 985:Src text UUid:19b36a58-37cd-4624-9259-d0312ba9b6a0
10-01 13:07:12 com_github_MitjaNemec_ReplicateLayout.replicate_layout 986:Dst text UUid:7a8b5e1c-57de-420b-a4a9-cea2c4e9d187
10-01 13:07:12 com_github_MitjaNemec_ReplicateLayout.replicate_layout 985:Src text UUid:8d3a0fa0-f6c4-40dc-9e84-c984af8f8c55
10-01 13:07:12 com_github_MitjaNemec_ReplicateLayout.replicate_layout 986:Dst text UUid:de56f9b0-8c84-4e71-83f2-8ca48286c43e
10-01 13:07:12 com_github_MitjaNemec_ReplicateLayout.replicate_layout 985:Src text UUid:9ad50bfc-4626-4991-b34d-b50ea7df1355
10-01 13:07:12 com_github_MitjaNemec_ReplicateLayout.replicate_layout 986:Dst text UUid:7abe819b-8fd2-4a5e-8a82-6a8a6fe33e22
10-01 13:07:12 com_github_MitjaNemec_ReplicateLayout.replicate_layout 985:Src text UUid:9bc2a2ff-ce44-41b0-91e8-66dfde459764
10-01 13:07:12 com_github_MitjaNemec_ReplicateLayout.replicate_layout 986:Dst text UUid:cd8db949-d261-4006-9299-c5b62561c6a6
10-01 13:07:12 com_github_MitjaNemec_ReplicateLayout.replicate_layout 985:Src text UUid:2d96eb37-3299-4dae-bdfa-72bbc53f118b
10-01 13:07:12 com_github_MitjaNemec_ReplicateLayout.replicate_layout 986:Dst text UUid:69074297-6cc9-490c-a78a-2fe629b560f6
10-01 13:07:12 com_github_MitjaNemec_ReplicateLayout.replicate_layout 985:Src text UUid:47c90ac6-0ebb-4c4a-8644-00eec4cd25fc
10-01 13:07:12 com_github_MitjaNemec_ReplicateLayout.replicate_layout 986:Dst text UUid:444e2028-8ec1-4a20-abce-1c67f670def4
10-01 13:07:12 com_github_MitjaNemec_ReplicateLayout.replicate_layout 985:Src text UUid:6426ddf9-6164-4d92-bbf3-a4f37bb2e441
10-01 13:07:12 com_github_MitjaNemec_ReplicateLayout.replicate_layout 986:Dst text UUid:168cb277-5735-49f5-bf69-c547d4b5c11f
10-01 13:07:12 com_github_MitjaNemec_ReplicateLayout.replicate_layout 985:Src text UUid:f62dc568-fee5-4fd5-92ad-667831f0e08d
10-01 13:07:12 com_github_MitjaNemec_ReplicateLayout.replicate_layout 986:Dst text UUid:991888e8-5a52-489c-8f17-d6c250a396a6
10-01 13:07:12 com_github_MitjaNemec_ReplicateLayout.replicate_layout 985:Src text UUid:078b429e-b436-43fd-a1f6-1601ef8eadd5
10-01 13:07:12 com_github_MitjaNemec_ReplicateLayout.replicate_layout 986:Dst text UUid:434d6ea8-948b-4ba0-8c72-e38404d0ee47
10-01 13:07:12 com_github_MitjaNemec_ReplicateLayout.replicate_layout 985:Src text UUid:8aaabeef-7c78-4c64-ba65-883e878c6cd9
10-01 13:07:12 com_github_MitjaNemec_ReplicateLayout.replicate_layout 986:Dst text UUid:231aa8b2-afec-4f0c-85c5-b8e06617687e
10-01 13:07:12 com_github_MitjaNemec_ReplicateLayout.replicate_layout 985:Src text UUid:d35852db-3457-4570-bd5e-9da46af3c381
10-01 13:07:12 com_github_MitjaNemec_ReplicateLayout.replicate_layout 986:Dst text UUid:06f9dd10-8ec6-476c-b1e1-19b20a8728e8
10-01 13:07:12 com_github_MitjaNemec_ReplicateLayout.replicate_layout 985:Src text UUid:355bc756-0a28-48b2-82dc-7b540b54a74a
10-01 13:07:12 com_github_MitjaNemec_ReplicateLayout.replicate_layout 986:Dst text UUid:b7e7fe66-b533-4215-886c-7265f7712e45
10-01 13:07:12 com_github_MitjaNemec_ReplicateLayout.replicate_layout 985:Src text UUid:f43126f3-0315-4f9c-9f23-40fbe6026ee7
10-01 13:07:12 com_github_MitjaNemec_ReplicateLayout.replicate_layout 986:Dst text UUid:b0b36b96-5144-4003-b64c-cc1f91543c58
10-01 13:07:12 com_github_MitjaNemec_ReplicateLayout.replicate_layout 985:Src text UUid:1d8b6b1d-2d9c-430f-8433-e9edcde82a68
10-01 13:07:12 com_github_MitjaNemec_ReplicateLayout.replicate_layout 986:Dst text UUid:7bc84d15-391d-4da8-a57b-91b71c5d335c
10-01 13:07:12 com_github_MitjaNemec_ReplicateLayout.replicate_layout 985:Src text UUid:8e9ceb61-39c0-434a-8936-bf80b2e75be3
10-01 13:07:12 com_github_MitjaNemec_ReplicateLayout.replicate_layout 986:Dst text UUid:03bc8a7f-bc79-4b6f-88f9-98a0f79b7104
10-01 13:07:12 com_github_MitjaNemec_ReplicateLayout.replicate_layout 985:Src text UUid:2de139d1-dbc4-4770-894e-d84c69d12b04
10-01 13:07:12 com_github_MitjaNemec_ReplicateLayout.replicate_layout 986:Dst text UUid:8fdd5c75-dea3-412b-b2c3-337919657a1f
10-01 13:07:12 com_github_MitjaNemec_ReplicateLayout.replicate_layout 985:Src text UUid:898a2919-4a02-4dc9-bf03-665a86e22d35
10-01 13:07:12 com_github_MitjaNemec_ReplicateLayout.replicate_layout 986:Dst text UUid:dc19ea4e-b975-4c4d-bfd9-f468da56bcc5
10-01 13:07:12 com_github_MitjaNemec_ReplicateLayout.replicate_layout 985:Src text UUid:b788c90f-e312-4705-8213-bfdf454c97b6
10-01 13:07:12 com_github_MitjaNemec_ReplicateLayout.replicate_layout 986:Dst text UUid:77698553-6283-41ab-8213-8d67310bd37b
10-01 13:07:12 com_github_MitjaNemec_ReplicateLayout.replicate_layout 985:Src text UUid:bf1b7735-a585-41a1-afd1-36571d53593e
10-01 13:07:12 com_github_MitjaNemec_ReplicateLayout.replicate_layout 986:Dst text UUid:fcf06646-5414-4837-bdf1-6e208d6fad3d
10-01 13:07:12 com_github_MitjaNemec_ReplicateLayout.replicate_layout 985:Src text UUid:509a2c38-a0ba-4932-a869-aaa497f3a938
10-01 13:07:12 com_github_MitjaNemec_ReplicateLayout.replicate_layout 986:Dst text UUid:e5cca4df-fe21-4a54-ad4f-f5ffaf4c2195
10-01 13:07:12 com_github_MitjaNemec_ReplicateLayout.replicate_layout 985:Src text UUid:3f37b70d-284b-4baf-b69b-aff5cd96f5f0
10-01 13:07:12 com_github_MitjaNemec_ReplicateLayout.replicate_layout 986:Dst text UUid:46569801-2c86-4bef-9134-70b3f7194b86
10-01 13:07:12 com_github_MitjaNemec_ReplicateLayout.replicate_layout 985:Src text UUid:8eef1f56-da27-440c-8797-d052aa72b4b7
10-01 13:07:12 com_github_MitjaNemec_ReplicateLayout.replicate_layout 986:Dst text UUid:12c4df1e-9339-4adc-8852-0b6acba70a33
10-01 13:07:12 com_github_MitjaNemec_ReplicateLayout.replicate_layout 868:Replicating footprints on sheet ['PWM - 15V Level Shifter', 'Conectores - PWM e erro2']
10-01 13:07:12 com_github_MitjaNemec_ReplicateLayout.replicate_layout 985:Src text UUid:69a94ff8-01bf-459b-9659-f81286ddff65
10-01 13:07:12 com_github_MitjaNemec_ReplicateLayout.replicate_layout 986:Dst text UUid:48a0c382-a504-4ce1-8e08-b1eb697ac4cf
10-01 13:07:12 com_github_MitjaNemec_ReplicateLayout.replicate_layout 985:Src text UUid:03461788-9c95-4d39-89fe-7e624676250e
10-01 13:07:12 com_github_MitjaNemec_ReplicateLayout.replicate_layout 986:Dst text UUid:0c07771b-6ae2-48ee-9b33-36f75d123960
10-01 13:07:12 com_github_MitjaNemec_ReplicateLayout.replicate_layout 985:Src text UUid:fbdf9007-9db3-49a2-97e2-1e0099250384
10-01 13:07:12 com_github_MitjaNemec_ReplicateLayout.replicate_layout 986:Dst text UUid:d5dce529-6fbe-4392-840b-61b44b425aee
10-01 13:07:12 com_github_MitjaNemec_ReplicateLayout.replicate_layout 985:Src text UUid:0cdc2150-9db3-478f-8611-81e4e043885b
10-01 13:07:12 com_github_MitjaNemec_ReplicateLayout.replicate_layout 986:Dst text UUid:a30fdd14-0980-4fba-8251-a610a4c20479
10-01 13:07:12 com_github_MitjaNemec_ReplicateLayout.replicate_layout 985:Src text UUid:a3eccfec-59ab-4f27-8299-2a9979dd8e45
10-01 13:07:12 com_github_MitjaNemec_ReplicateLayout.replicate_layout 986:Dst text UUid:18417a3b-9dd2-4b11-ace8-8d33650ebf58
10-01 13:07:12 com_github_MitjaNemec_ReplicateLayout.replicate_layout 985:Src text UUid:03ddda9e-e2fe-45e2-9187-9ec1988e58ee
10-01 13:07:12 com_github_MitjaNemec_ReplicateLayout.replicate_layout 986:Dst text UUid:ce27b2a1-7915-45ec-8652-8865b40385ee
10-01 13:07:12 com_github_MitjaNemec_ReplicateLayout.replicate_layout 985:Src text UUid:952a32db-c678-4dd4-8c5e-12dcbe880100
10-01 13:07:12 com_github_MitjaNemec_ReplicateLayout.replicate_layout 986:Dst text UUid:2d42a44e-a84e-4144-a86f-25bfe8966e8a
10-01 13:07:12 com_github_MitjaNemec_ReplicateLayout.replicate_layout 985:Src text UUid:c5e5cc2d-c59b-4cbc-8129-ad59efadafe9
10-01 13:07:12 com_github_MitjaNemec_ReplicateLayout.replicate_layout 986:Dst text UUid:57b11e7e-fda0-4eab-9c3b-891dc6f1276f
10-01 13:07:12 com_github_MitjaNemec_ReplicateLayout.replicate_layout 985:Src text UUid:4c791bb2-7176-4b45-8eb1-aaa161f45652
10-01 13:07:12 com_github_MitjaNemec_ReplicateLayout.replicate_layout 986:Dst text UUid:6eda24d3-2290-4105-81b0-777c7d988c84
10-01 13:07:12 com_github_MitjaNemec_ReplicateLayout.replicate_layout 985:Src text UUid:ccddf44a-af01-455e-a8f7-36f70f9d5872
10-01 13:07:12 com_github_MitjaNemec_ReplicateLayout.replicate_layout 986:Dst text UUid:06d2d24c-22a0-4c6f-ad7c-1fae6f3e532c
10-01 13:07:12 com_github_MitjaNemec_ReplicateLayout.replicate_layout 985:Src text UUid:d71cbb47-3fc9-46ff-b7aa-5f8ca6826ff4
10-01 13:07:12 com_github_MitjaNemec_ReplicateLayout.replicate_layout 986:Dst text UUid:688c90ef-6071-43ba-a175-8c935ce01f49
10-01 13:07:12 com_github_MitjaNemec_ReplicateLayout.replicate_layout 985:Src text UUid:da0cf87e-a956-4c03-af9b-d9ab66ace84d
10-01 13:07:12 com_github_MitjaNemec_ReplicateLayout.replicate_layout 986:Dst text UUid:9cc3f539-9f72-4791-9589-e322ba084d3a
10-01 13:07:12 com_github_MitjaNemec_ReplicateLayout.replicate_layout 985:Src text UUid:db7243ec-6377-4e9b-bf89-929cca436e7c
10-01 13:07:12 com_github_MitjaNemec_ReplicateLayout.replicate_layout 986:Dst text UUid:5e0a7d5b-346d-402d-bec8-e7fc73e5d865
10-01 13:07:12 com_github_MitjaNemec_ReplicateLayout.replicate_layout 985:Src text UUid:4af3fd35-cae8-4c86-8daf-0572302ca0ff
10-01 13:07:12 com_github_MitjaNemec_ReplicateLayout.replicate_layout 986:Dst text UUid:c2918aa3-c151-4016-b519-18c481f36f47
10-01 13:07:12 com_github_MitjaNemec_ReplicateLayout.replicate_layout 985:Src text UUid:b2646107-07fe-4108-a683-ea516ed5ad1e
10-01 13:07:12 com_github_MitjaNemec_ReplicateLayout.replicate_layout 986:Dst text UUid:862bef9f-8d41-42e8-87e6-0b8429a42ef0
10-01 13:07:12 com_github_MitjaNemec_ReplicateLayout.replicate_layout 985:Src text UUid:b05074fe-779a-453c-97d3-4781c6450080
10-01 13:07:12 com_github_MitjaNemec_ReplicateLayout.replicate_layout 986:Dst text UUid:ee517b98-c308-4cd5-a2d9-ed9add86cb7c
10-01 13:07:12 com_github_MitjaNemec_ReplicateLayout.replicate_layout 985:Src text UUid:e7a06ace-9c04-4afb-9c24-54b9917bfcaf
10-01 13:07:12 com_github_MitjaNemec_ReplicateLayout.replicate_layout 986:Dst text UUid:81e0617d-1af8-4865-b2d3-6038e1d678a4
10-01 13:07:12 com_github_MitjaNemec_ReplicateLayout.replicate_layout 985:Src text UUid:94c67ad8-2b66-4917-b1fe-0fbc1b0641f4
10-01 13:07:12 com_github_MitjaNemec_ReplicateLayout.replicate_layout 986:Dst text UUid:903f5274-9145-4af8-9144-53cb8a020002
10-01 13:07:12 com_github_MitjaNemec_ReplicateLayout.replicate_layout 985:Src text UUid:c4684024-ac59-490d-94dd-9244254b5421
10-01 13:07:12 com_github_MitjaNemec_ReplicateLayout.replicate_layout 986:Dst text UUid:d2e3f66f-1a2d-4798-9c8e-b23714bf2f5a
10-01 13:07:12 com_github_MitjaNemec_ReplicateLayout.replicate_layout 985:Src text UUid:888485cd-c8b3-44a7-87d0-6058c2a1d4fa
10-01 13:07:12 com_github_MitjaNemec_ReplicateLayout.replicate_layout 986:Dst text UUid:670d59af-7dad-4dac-9026-6b33cae0b788
10-01 13:07:12 com_github_MitjaNemec_ReplicateLayout.replicate_layout 985:Src text UUid:d6c113bc-56aa-422c-8e96-55c570510f94
10-01 13:07:12 com_github_MitjaNemec_ReplicateLayout.replicate_layout 986:Dst text UUid:64f7ce4e-f8b3-4f94-b061-3b36e5afc665
10-01 13:07:12 com_github_MitjaNemec_ReplicateLayout.replicate_layout 985:Src text UUid:2649d1f3-4ea4-4221-8f04-c236f190b9ca
10-01 13:07:12 com_github_MitjaNemec_ReplicateLayout.replicate_layout 986:Dst text UUid:5bae3a7f-16b0-4ebc-86df-b83bf1793821
10-01 13:07:12 com_github_MitjaNemec_ReplicateLayout.replicate_layout 985:Src text UUid:ff38fe20-7a98-41df-b760-78c3c8c9e5b8
10-01 13:07:12 com_github_MitjaNemec_ReplicateLayout.replicate_layout 986:Dst text UUid:49420358-8949-410c-ae9e-2d2873165867
10-01 13:07:12 com_github_MitjaNemec_ReplicateLayout.replicate_layout 985:Src text UUid:badbe94e-b5f9-4562-973d-2227fca603c2
10-01 13:07:12 com_github_MitjaNemec_ReplicateLayout.replicate_layout 986:Dst text UUid:6d9bc7c0-9edf-404e-9549-ad49572a2b2d
10-01 13:07:12 com_github_MitjaNemec_ReplicateLayout.replicate_layout 985:Src text UUid:8afd5755-cc63-406c-be45-40d401e7e02d
10-01 13:07:12 com_github_MitjaNemec_ReplicateLayout.replicate_layout 986:Dst text UUid:4e6aa563-36be-4c26-9be7-e6898660ad0a
10-01 13:07:12 com_github_MitjaNemec_ReplicateLayout.replicate_layout 985:Src text UUid:a0b37b48-b5a9-43fe-8760-c848a46b7110
10-01 13:07:12 com_github_MitjaNemec_ReplicateLayout.replicate_layout 986:Dst text UUid:db66d21f-01bc-4d12-944c-68ac753c7706
10-01 13:07:12 com_github_MitjaNemec_ReplicateLayout.replicate_layout 985:Src text UUid:fc5f1210-8c63-459c-b767-7abe78c2e9d0
10-01 13:07:12 com_github_MitjaNemec_ReplicateLayout.replicate_layout 986:Dst text UUid:d99ebbc2-b958-4a88-92a9-a1f193236e11
10-01 13:07:12 com_github_MitjaNemec_ReplicateLayout.replicate_layout 985:Src text UUid:44b1fe17-a319-403d-b16e-99bbb75bf1b2
10-01 13:07:12 com_github_MitjaNemec_ReplicateLayout.replicate_layout 986:Dst text UUid:e5d3c504-cec5-4b6f-8f61-97cb0a13ef8d
10-01 13:07:12 com_github_MitjaNemec_ReplicateLayout.replicate_layout 985:Src text UUid:b9aa5419-3796-4c81-bce8-f5ebee931bb8
10-01 13:07:12 com_github_MitjaNemec_ReplicateLayout.replicate_layout 986:Dst text UUid:1b691f88-4ad0-40e0-a872-197b8d068580
10-01 13:07:12 com_github_MitjaNemec_ReplicateLayout.replicate_layout 985:Src text UUid:09816c4d-ac5e-4d34-8882-05fd3c480eb6
10-01 13:07:12 com_github_MitjaNemec_ReplicateLayout.replicate_layout 986:Dst text UUid:e8e8ea27-48c3-4661-add8-e93cbb180de6
10-01 13:07:12 com_github_MitjaNemec_ReplicateLayout.replicate_layout 985:Src text UUid:e994ea10-279e-42cf-99c9-11fe7af5f871
10-01 13:07:12 com_github_MitjaNemec_ReplicateLayout.replicate_layout 986:Dst text UUid:306d1b0a-7ad9-4a81-a603-65e5df81cfb1
10-01 13:07:12 com_github_MitjaNemec_ReplicateLayout.replicate_layout 985:Src text UUid:8eec795a-ac83-4758-be05-471332ebd95f
10-01 13:07:12 com_github_MitjaNemec_ReplicateLayout.replicate_layout 986:Dst text UUid:2d2947b2-23de-47f8-9584-2be448f2be15
10-01 13:07:12 com_github_MitjaNemec_ReplicateLayout.replicate_layout 985:Src text UUid:7c881823-f4fb-41f4-aaa9-8c4748498595
10-01 13:07:12 com_github_MitjaNemec_ReplicateLayout.replicate_layout 986:Dst text UUid:746bcee5-769d-4a26-b429-1f6c6ec90e9a
10-01 13:07:12 com_github_MitjaNemec_ReplicateLayout.replicate_layout 985:Src text UUid:baa8c253-f3f8-411b-b80d-5f8b05853bbd
10-01 13:07:12 com_github_MitjaNemec_ReplicateLayout.replicate_layout 986:Dst text UUid:186d1740-c1a6-4514-a009-96fec95ce678
10-01 13:07:12 com_github_MitjaNemec_ReplicateLayout.replicate_layout 985:Src text UUid:a2977c3c-873a-4163-aed1-f4c37d539917
10-01 13:07:12 com_github_MitjaNemec_ReplicateLayout.replicate_layout 986:Dst text UUid:fe07a7e4-137d-4dcc-8caa-93dad439a965
10-01 13:07:12 com_github_MitjaNemec_ReplicateLayout.replicate_layout 985:Src text UUid:47b5df9d-e32e-4e86-9550-32a18b97ac54
10-01 13:07:12 com_github_MitjaNemec_ReplicateLayout.replicate_layout 986:Dst text UUid:92026376-a9f8-456d-862c-757899f03606
10-01 13:07:12 com_github_MitjaNemec_ReplicateLayout.replicate_layout 985:Src text UUid:9642a5df-60f6-4924-86f3-0c4ab2458c83
10-01 13:07:12 com_github_MitjaNemec_ReplicateLayout.replicate_layout 986:Dst text UUid:fff103a0-a40f-41d2-adbf-1c39902876d6
10-01 13:07:12 com_github_MitjaNemec_ReplicateLayout.replicate_layout 985:Src text UUid:e80cc13d-f790-4a98-a504-fa8bcb04f99d
10-01 13:07:12 com_github_MitjaNemec_ReplicateLayout.replicate_layout 986:Dst text UUid:57a0a85b-4ea3-419a-9373-6b63aadcaf58
10-01 13:07:12 com_github_MitjaNemec_ReplicateLayout.replicate_layout 985:Src text UUid:19b36a58-37cd-4624-9259-d0312ba9b6a0
10-01 13:07:12 com_github_MitjaNemec_ReplicateLayout.replicate_layout 986:Dst text UUid:085b8092-ac2f-4f2b-99aa-f00d0eec1381
10-01 13:07:12 com_github_MitjaNemec_ReplicateLayout.replicate_layout 985:Src text UUid:8d3a0fa0-f6c4-40dc-9e84-c984af8f8c55
10-01 13:07:12 com_github_MitjaNemec_ReplicateLayout.replicate_layout 986:Dst text UUid:374993d3-ebdd-4e4a-828e-7d15110352cc
10-01 13:07:12 com_github_MitjaNemec_ReplicateLayout.replicate_layout 985:Src text UUid:9ad50bfc-4626-4991-b34d-b50ea7df1355
10-01 13:07:12 com_github_MitjaNemec_ReplicateLayout.replicate_layout 986:Dst text UUid:10b59deb-d5e3-443f-abca-78a85c69f5c7
10-01 13:07:12 com_github_MitjaNemec_ReplicateLayout.replicate_layout 985:Src text UUid:9bc2a2ff-ce44-41b0-91e8-66dfde459764
10-01 13:07:12 com_github_MitjaNemec_ReplicateLayout.replicate_layout 986:Dst text UUid:632ff79e-7fa8-418c-91e7-fa6960af2f50
10-01 13:07:12 com_github_MitjaNemec_ReplicateLayout.replicate_layout 985:Src text UUid:2d96eb37-3299-4dae-bdfa-72bbc53f118b
10-01 13:07:12 com_github_MitjaNemec_ReplicateLayout.replicate_layout 986:Dst text UUid:5c5be137-3cea-40bb-a9b4-32569cc83dc8
10-01 13:07:12 com_github_MitjaNemec_ReplicateLayout.replicate_layout 985:Src text UUid:47c90ac6-0ebb-4c4a-8644-00eec4cd25fc
10-01 13:07:12 com_github_MitjaNemec_ReplicateLayout.replicate_layout 986:Dst text UUid:8e76a9e4-1d5f-4538-9cda-35c86a98b08f
10-01 13:07:12 com_github_MitjaNemec_ReplicateLayout.replicate_layout 985:Src text UUid:6426ddf9-6164-4d92-bbf3-a4f37bb2e441
10-01 13:07:12 com_github_MitjaNemec_ReplicateLayout.replicate_layout 986:Dst text UUid:db8ee454-3f36-4d8f-a474-b39cbe0d651e
10-01 13:07:12 com_github_MitjaNemec_ReplicateLayout.replicate_layout 985:Src text UUid:f62dc568-fee5-4fd5-92ad-667831f0e08d
10-01 13:07:12 com_github_MitjaNemec_ReplicateLayout.replicate_layout 986:Dst text UUid:50f5e916-96f9-4549-beb6-6f3146216ed8
10-01 13:07:12 com_github_MitjaNemec_ReplicateLayout.replicate_layout 985:Src text UUid:078b429e-b436-43fd-a1f6-1601ef8eadd5
10-01 13:07:12 com_github_MitjaNemec_ReplicateLayout.replicate_layout 986:Dst text UUid:410478df-480c-4769-9ef2-397d77d35081
10-01 13:07:12 com_github_MitjaNemec_ReplicateLayout.replicate_layout 985:Src text UUid:8aaabeef-7c78-4c64-ba65-883e878c6cd9
10-01 13:07:12 com_github_MitjaNemec_ReplicateLayout.replicate_layout 986:Dst text UUid:805c3ca7-9b5d-4beb-a38e-74d2cf210f11
10-01 13:07:12 com_github_MitjaNemec_ReplicateLayout.replicate_layout 985:Src text UUid:d35852db-3457-4570-bd5e-9da46af3c381
10-01 13:07:12 com_github_MitjaNemec_ReplicateLayout.replicate_layout 986:Dst text UUid:441609f9-302c-4943-8f1f-f96b4fb6871e
10-01 13:07:12 com_github_MitjaNemec_ReplicateLayout.replicate_layout 985:Src text UUid:355bc756-0a28-48b2-82dc-7b540b54a74a
10-01 13:07:12 com_github_MitjaNemec_ReplicateLayout.replicate_layout 986:Dst text UUid:821e6a86-2cde-4c21-9e3e-9a08572a8d57
10-01 13:07:12 com_github_MitjaNemec_ReplicateLayout.replicate_layout 985:Src text UUid:f43126f3-0315-4f9c-9f23-40fbe6026ee7
10-01 13:07:12 com_github_MitjaNemec_ReplicateLayout.replicate_layout 986:Dst text UUid:639eab81-5cf8-4c7c-8fdf-01b23249f978
10-01 13:07:12 com_github_MitjaNemec_ReplicateLayout.replicate_layout 985:Src text UUid:1d8b6b1d-2d9c-430f-8433-e9edcde82a68
10-01 13:07:12 com_github_MitjaNemec_ReplicateLayout.replicate_layout 986:Dst text UUid:177d10a1-8fce-4ba9-b3be-2f0a2b761e72
10-01 13:07:12 com_github_MitjaNemec_ReplicateLayout.replicate_layout 985:Src text UUid:8e9ceb61-39c0-434a-8936-bf80b2e75be3
10-01 13:07:12 com_github_MitjaNemec_ReplicateLayout.replicate_layout 986:Dst text UUid:f1d27afd-67ad-4305-a163-2bf48f69bf4e
10-01 13:07:12 com_github_MitjaNemec_ReplicateLayout.replicate_layout 985:Src text UUid:2de139d1-dbc4-4770-894e-d84c69d12b04
10-01 13:07:12 com_github_MitjaNemec_ReplicateLayout.replicate_layout 986:Dst text UUid:ea6a6416-b06a-441e-8897-2f8dd8455b98
10-01 13:07:12 com_github_MitjaNemec_ReplicateLayout.replicate_layout 985:Src text UUid:898a2919-4a02-4dc9-bf03-665a86e22d35
10-01 13:07:12 com_github_MitjaNemec_ReplicateLayout.replicate_layout 986:Dst text UUid:8c2b5322-2610-48dd-8269-b55bf0a4b245
10-01 13:07:12 com_github_MitjaNemec_ReplicateLayout.replicate_layout 985:Src text UUid:b788c90f-e312-4705-8213-bfdf454c97b6
10-01 13:07:12 com_github_MitjaNemec_ReplicateLayout.replicate_layout 986:Dst text UUid:e1b78aac-6f89-4a1c-ad93-9907cdcfc632
10-01 13:07:12 com_github_MitjaNemec_ReplicateLayout.replicate_layout 985:Src text UUid:bf1b7735-a585-41a1-afd1-36571d53593e
10-01 13:07:12 com_github_MitjaNemec_ReplicateLayout.replicate_layout 986:Dst text UUid:bba83c09-e6b8-48e8-a93c-a88329de3080
10-01 13:07:12 com_github_MitjaNemec_ReplicateLayout.replicate_layout 985:Src text UUid:509a2c38-a0ba-4932-a869-aaa497f3a938
10-01 13:07:12 com_github_MitjaNemec_ReplicateLayout.replicate_layout 986:Dst text UUid:587f401d-aebf-4f89-8a40-fd70a95d7eba
10-01 13:07:12 com_github_MitjaNemec_ReplicateLayout.replicate_layout 985:Src text UUid:3f37b70d-284b-4baf-b69b-aff5cd96f5f0
10-01 13:07:12 com_github_MitjaNemec_ReplicateLayout.replicate_layout 986:Dst text UUid:e8e3b1c6-63b7-4585-9c26-9444a6c03061
10-01 13:07:12 com_github_MitjaNemec_ReplicateLayout.replicate_layout 985:Src text UUid:8eef1f56-da27-440c-8797-d052aa72b4b7
10-01 13:07:12 com_github_MitjaNemec_ReplicateLayout.replicate_layout 986:Dst text UUid:8be4b4c6-9a62-4f92-b7b8-0741d43b3b8a
10-01 13:07:12 com_github_MitjaNemec_ReplicateLayout.replicate_layout 328:Removing tracks and zones, after footprint placement
10-01 13:07:12 root 332:updating GUI message: 'Removing zones and tracks'
10-01 13:07:12 root 337:updating GUI with: 0
10-01 13:07:12 com_github_MitjaNemec_ReplicateLayout.replicate_layout 1277:Remove bounding box top:80578521, bottom:119338320, Left:130775800, Right:186632400
10-01 13:07:12 com_github_MitjaNemec_ReplicateLayout.replicate_layout 1277:Remove bounding box top:123052521, bottom:161812320, Left:130594200, Right:186450800
10-01 13:07:12 root 332:updating GUI message: 'Replicating tracks'
10-01 13:07:13 com_github_MitjaNemec_ReplicateLayout.replicate_layout 1009:Replicating tracks
10-01 13:07:13 root 337:updating GUI with: 0
10-01 13:07:13 com_github_MitjaNemec_ReplicateLayout.replicate_layout 1015:Replicating tracks on sheet ['PWM - 15V Level Shifter', 'Conectores - PWM e erro1']
10-01 13:07:13 com_github_MitjaNemec_ReplicateLayout.replicate_layout 792:Net pairs for sheet ['PWM - 15V Level Shifter', 'Conectores - PWM e erro1'] :[('unconnected-(U16-Pad4)', 'unconnected-(U8-Pad4)'), ('unconnected-(J16-Pin_7-Pad7)', 'unconnected-(J10-Pin_7-Pad7)'), ('/err_1', '/err_2'), ('unconnected-(J16-Pin_12-Pad12)', 'unconnected-(J10-Pin_12-Pad12)'), ('unconnected-(J16-Pin_5-Pad5)', 'unconnected-(J10-Pin_5-Pad5)'), ('GND1', 'GND1'), ('unconnected-(U16-Pad3)', 'unconnected-(U8-Pad3)'), ('/PWM_BOT_1', '/PWM_BOT_2'), ('unconnected-(U20-Pad3)', 'unconnected-(U10-Pad3)'), ('/PWM - 15V Level Shifter/Conectores - PWM e erro/Isolação de sinais - PWM7/output_sign', '/PWM - 15V Level Shifter/Conectores - PWM e erro1/Isolação de sinais - PWM7/output_sign'), ('unconnected-(U21-Pad3)', 'unconnected-(U11-Pad3)'), ('Net-(C31-Pad2)', 'Net-(C19-Pad2)'), ('unconnected-(J16-Pin_1-Pad1)', 'unconnected-(J10-Pin_1-Pad1)'), ('GND', 'GND'), ('/PWM - 15V Level Shifter/Conectores - PWM e erro/erro_driver', '/PWM - 15V Level Shifter/Conectores - PWM e erro1/erro_driver'), ('Net-(C33-Pad2)', 'Net-(C15-Pad2)'), ('/PWM - 15V Level Shifter/Conectores - PWM e erro/PWM_BOT_driver', '/PWM - 15V Level Shifter/Conectores - PWM e erro1/PWM_BOT_driver'), ('Vdrive', 'Vdrive'), ('unconnected-(J16-Pin_13-Pad13)', 'unconnected-(J10-Pin_13-Pad13)'), ('unconnected-(J16-Pin_6-Pad6)', 'unconnected-(J10-Pin_6-Pad6)'), ('unconnected-(U22-Pad3)', 'unconnected-(U9-Pad3)'), ('Net-(C29-Pad2)', 'Net-(C17-Pad2)'), ('/PWM_TOP_1', '/PWM_TOP_2'), ('+3.3V', '+3.3V'), ('/PWM - 15V Level Shifter/Conectores - PWM e erro/PWM_TOP_driver', '/PWM - 15V Level Shifter/Conectores - PWM e erro1/PWM_TOP_driver'), ('/PWM - 15V Level Shifter/Conectores - PWM e erro/Isolação de sinais - PWM6/output_sign', '/PWM - 15V Level Shifter/Conectores - PWM e erro1/Isolação de sinais - PWM6/output_sign'), ('unconnected-(J16-Pin_14-Pad14)', 'unconnected-(J10-Pin_14-Pad14)')]
10-01 13:07:13 root 337:updating GUI with: 0
10-01 13:07:13 com_github_MitjaNemec_ReplicateLayout.replicate_layout 1015:Replicating tracks on sheet ['PWM - 15V Level Shifter', 'Conectores - PWM e erro2']
10-01 13:07:13 com_github_MitjaNemec_ReplicateLayout.replicate_layout 792:Net pairs for sheet ['PWM - 15V Level Shifter', 'Conectores - PWM e erro2'] :[('/PWM - 15V Level Shifter/Conectores - PWM e erro/PWM_BOT_driver', '/PWM - 15V Level Shifter/Conectores - PWM e erro2/PWM_BOT_driver'), ('unconnected-(U16-Pad4)', 'unconnected-(U12-Pad4)'), ('unconnected-(J16-Pin_14-Pad14)', 'unconnected-(J13-Pin_14-Pad14)'), ('GND1', 'GND1'), ('unconnected-(J16-Pin_1-Pad1)', 'unconnected-(J13-Pin_1-Pad1)'), ('/PWM - 15V Level Shifter/Conectores - PWM e erro/Isolação de sinais - PWM6/output_sign', '/PWM - 15V Level Shifter/Conectores - PWM e erro2/Isolação de sinais - PWM6/output_sign'), ('Net-(C31-Pad2)', 'Net-(C26-Pad2)'), ('GND', 'GND'), ('unconnected-(U21-Pad3)', 'unconnected-(U15-Pad3)'), ('/err_1', '/err_3'), ('unconnected-(J16-Pin_5-Pad5)', 'unconnected-(J13-Pin_5-Pad5)'), ('/PWM_TOP_1', '/PWM_TOP_3'), ('/PWM - 15V Level Shifter/Conectores - PWM e erro/erro_driver', '/PWM - 15V Level Shifter/Conectores - PWM e erro2/erro_driver'), ('unconnected-(J16-Pin_6-Pad6)', 'unconnected-(J13-Pin_6-Pad6)'), ('Vdrive', 'Vdrive'), ('unconnected-(J16-Pin_12-Pad12)', 'unconnected-(J13-Pin_12-Pad12)'), ('unconnected-(U22-Pad3)', 'unconnected-(U13-Pad3)'), ('/PWM - 15V Level Shifter/Conectores - PWM e erro/Isolação de sinais - PWM7/output_sign', '/PWM - 15V Level Shifter/Conectores - PWM e erro2/Isolação de sinais - PWM7/output_sign'), ('unconnected-(U16-Pad3)', 'unconnected-(U12-Pad3)'), ('unconnected-(J16-Pin_13-Pad13)', 'unconnected-(J13-Pin_13-Pad13)'), ('Net-(C33-Pad2)', 'Net-(C22-Pad2)'), ('/PWM - 15V Level Shifter/Conectores - PWM e erro/PWM_TOP_driver', '/PWM - 15V Level Shifter/Conectores - PWM e erro2/PWM_TOP_driver'), ('+3.3V', '+3.3V'), ('Net-(C29-Pad2)', 'Net-(C24-Pad2)'), ('/PWM_BOT_1', '/PWM_BOT_3'), ('unconnected-(U20-Pad3)', 'unconnected-(U14-Pad3)'), ('unconnected-(J16-Pin_7-Pad7)', 'unconnected-(J13-Pin_7-Pad7)')]
10-01 13:07:13 root 337:updating GUI with: 50
10-01 13:07:13 root 332:updating GUI message: 'Replicating zones'
10-01 13:07:13 com_github_MitjaNemec_ReplicateLayout.replicate_layout 1079:Replicating zones
10-01 13:07:13 root 337:updating GUI with: 0
10-01 13:07:13 com_github_MitjaNemec_ReplicateLayout.replicate_layout 1086:Replicating zones on sheet ['PWM - 15V Level Shifter', 'Conectores - PWM e erro1']
10-01 13:07:13 com_github_MitjaNemec_ReplicateLayout.replicate_layout 792:Net pairs for sheet ['PWM - 15V Level Shifter', 'Conectores - PWM e erro1'] :[('unconnected-(U16-Pad4)', 'unconnected-(U8-Pad4)'), ('unconnected-(J16-Pin_7-Pad7)', 'unconnected-(J10-Pin_7-Pad7)'), ('/err_1', '/err_2'), ('unconnected-(J16-Pin_12-Pad12)', 'unconnected-(J10-Pin_12-Pad12)'), ('unconnected-(J16-Pin_5-Pad5)', 'unconnected-(J10-Pin_5-Pad5)'), ('GND1', 'GND1'), ('unconnected-(U16-Pad3)', 'unconnected-(U8-Pad3)'), ('/PWM_BOT_1', '/PWM_BOT_2'), ('unconnected-(U20-Pad3)', 'unconnected-(U10-Pad3)'), ('/PWM - 15V Level Shifter/Conectores - PWM e erro/Isolação de sinais - PWM7/output_sign', '/PWM - 15V Level Shifter/Conectores - PWM e erro1/Isolação de sinais - PWM7/output_sign'), ('unconnected-(U21-Pad3)', 'unconnected-(U11-Pad3)'), ('Net-(C31-Pad2)', 'Net-(C19-Pad2)'), ('unconnected-(J16-Pin_1-Pad1)', 'unconnected-(J10-Pin_1-Pad1)'), ('GND', 'GND'), ('/PWM - 15V Level Shifter/Conectores - PWM e erro/erro_driver', '/PWM - 15V Level Shifter/Conectores - PWM e erro1/erro_driver'), ('Net-(C33-Pad2)', 'Net-(C15-Pad2)'), ('/PWM - 15V Level Shifter/Conectores - PWM e erro/PWM_BOT_driver', '/PWM - 15V Level Shifter/Conectores - PWM e erro1/PWM_BOT_driver'), ('Vdrive', 'Vdrive'), ('unconnected-(J16-Pin_13-Pad13)', 'unconnected-(J10-Pin_13-Pad13)'), ('unconnected-(J16-Pin_6-Pad6)', 'unconnected-(J10-Pin_6-Pad6)'), ('unconnected-(U22-Pad3)', 'unconnected-(U9-Pad3)'), ('Net-(C29-Pad2)', 'Net-(C17-Pad2)'), ('/PWM_TOP_1', '/PWM_TOP_2'), ('+3.3V', '+3.3V'), ('/PWM - 15V Level Shifter/Conectores - PWM e erro/PWM_TOP_driver', '/PWM - 15V Level Shifter/Conectores - PWM e erro1/PWM_TOP_driver'), ('/PWM - 15V Level Shifter/Conectores - PWM e erro/Isolação de sinais - PWM6/output_sign', '/PWM - 15V Level Shifter/Conectores - PWM e erro1/Isolação de sinais - PWM6/output_sign'), ('unconnected-(J16-Pin_14-Pad14)', 'unconnected-(J10-Pin_14-Pad14)')]
10-01 13:07:13 root 337:updating GUI with: 50
10-01 13:07:13 com_github_MitjaNemec_ReplicateLayout.replicate_layout 1086:Replicating zones on sheet ['PWM - 15V Level Shifter', 'Conectores - PWM e erro2']
10-01 13:07:13 com_github_MitjaNemec_ReplicateLayout.replicate_layout 792:Net pairs for sheet ['PWM - 15V Level Shifter', 'Conectores - PWM e erro2'] :[('/PWM - 15V Level Shifter/Conectores - PWM e erro/PWM_BOT_driver', '/PWM - 15V Level Shifter/Conectores - PWM e erro2/PWM_BOT_driver'), ('unconnected-(U16-Pad4)', 'unconnected-(U12-Pad4)'), ('unconnected-(J16-Pin_14-Pad14)', 'unconnected-(J13-Pin_14-Pad14)'), ('GND1', 'GND1'), ('unconnected-(J16-Pin_1-Pad1)', 'unconnected-(J13-Pin_1-Pad1)'), ('/PWM - 15V Level Shifter/Conectores - PWM e erro/Isolação de sinais - PWM6/output_sign', '/PWM - 15V Level Shifter/Conectores - PWM e erro2/Isolação de sinais - PWM6/output_sign'), ('Net-(C31-Pad2)', 'Net-(C26-Pad2)'), ('GND', 'GND'), ('unconnected-(U21-Pad3)', 'unconnected-(U15-Pad3)'), ('/err_1', '/err_3'), ('unconnected-(J16-Pin_5-Pad5)', 'unconnected-(J13-Pin_5-Pad5)'), ('/PWM_TOP_1', '/PWM_TOP_3'), ('/PWM - 15V Level Shifter/Conectores - PWM e erro/erro_driver', '/PWM - 15V Level Shifter/Conectores - PWM e erro2/erro_driver'), ('unconnected-(J16-Pin_6-Pad6)', 'unconnected-(J13-Pin_6-Pad6)'), ('Vdrive', 'Vdrive'), ('unconnected-(J16-Pin_12-Pad12)', 'unconnected-(J13-Pin_12-Pad12)'), ('unconnected-(U22-Pad3)', 'unconnected-(U13-Pad3)'), ('/PWM - 15V Level Shifter/Conectores - PWM e erro/Isolação de sinais - PWM7/output_sign', '/PWM - 15V Level Shifter/Conectores - PWM e erro2/Isolação de sinais - PWM7/output_sign'), ('unconnected-(U16-Pad3)', 'unconnected-(U12-Pad3)'), ('unconnected-(J16-Pin_13-Pad13)', 'unconnected-(J13-Pin_13-Pad13)'), ('Net-(C33-Pad2)', 'Net-(C22-Pad2)'), ('/PWM - 15V Level Shifter/Conectores - PWM e erro/PWM_TOP_driver', '/PWM - 15V Level Shifter/Conectores - PWM e erro2/PWM_TOP_driver'), ('+3.3V', '+3.3V'), ('Net-(C29-Pad2)', 'Net-(C24-Pad2)'), ('/PWM_BOT_1', '/PWM_BOT_3'), ('unconnected-(U20-Pad3)', 'unconnected-(U14-Pad3)'), ('unconnected-(J16-Pin_7-Pad7)', 'unconnected-(J13-Pin_7-Pad7)')]
10-01 13:07:13 root 332:updating GUI message: 'Replicating text'
10-01 13:07:13 root 337:updating GUI with: 0
10-01 13:07:13 com_github_MitjaNemec_ReplicateLayout.replicate_layout 1168:Replicating text
10-01 13:07:13 com_github_MitjaNemec_ReplicateLayout.replicate_layout 1175:Replicating text on sheet ['PWM - 15V Level Shifter', 'Conectores - PWM e erro1']
10-01 13:07:13 com_github_MitjaNemec_ReplicateLayout.replicate_layout 1175:Replicating text on sheet ['PWM - 15V Level Shifter', 'Conectores - PWM e erro2']
10-01 13:07:13 root 332:updating GUI message: 'Replicating drawings'
10-01 13:07:13 com_github_MitjaNemec_ReplicateLayout.replicate_layout 1219:Replicating drawings
10-01 13:07:13 com_github_MitjaNemec_ReplicateLayout.replicate_layout 1225:Replicating drawings on sheet ['PWM - 15V Level Shifter', 'Conectores - PWM e erro1']
10-01 13:07:13 com_github_MitjaNemec_ReplicateLayout.replicate_layout 1225:Replicating drawings on sheet ['PWM - 15V Level Shifter', 'Conectores - PWM e erro2']
10-01 13:07:13 root 332:updating GUI message: 'Removing duplicates'
10-01 13:07:13 com_github_MitjaNemec_ReplicateLayout.action_replicate_layout 256:Replication complete
